Archive member included because of file (symbol)

libbb/lib.a(appletlib.o)      /opt/toolchains/crosstools-arm-gcc-4.6-linux-3.4-uclibc-0.9.32-binutils-2.21-NPTL/usr/arm-unknown-linux-uclibcgnueabi/sysroot/usr/lib/crt1.o (main)
libbb/lib.a(bb_basename.o)    libbb/lib.a(appletlib.o) (bb_basename)
libbb/lib.a(default_error_retval.o)
                              libbb/lib.a(appletlib.o) (xfunc_error_retval)
libbb/lib.a(get_last_path_component.o)
                              libbb/lib.a(appletlib.o) (bb_get_last_path_component_nostrip)
libbb/lib.a(last_char_is.o)   libbb/lib.a(get_last_path_component.o) (last_char_is)
libbb/lib.a(messages.o)       libbb/lib.a(appletlib.o) (bb_banner)
libbb/lib.a(ptr_to_globals.o)
                              libbb/lib.a(appletlib.o) (bb_errno)
libbb/lib.a(xfunc_die.o)      libbb/lib.a(appletlib.o) (xfunc_die)
libbb/lib.a(xfuncs.o)         libbb/lib.a(appletlib.o) (full_write2_str)
libbb/lib.a(xfuncs_printf.o)  libbb/lib.a(appletlib.o) (malloc_or_warn)
libbb/lib.a(copyfd.o)         libbb/lib.a(xfuncs_printf.o) (bb_copyfd_eof)
libbb/lib.a(full_write.o)     libbb/lib.a(xfuncs.o) (full_write)
libbb/lib.a(perror_msg.o)     libbb/lib.a(xfuncs_printf.o) (bb_perror_msg)
libbb/lib.a(read.o)           libbb/lib.a(copyfd.o) (safe_read)
libbb/lib.a(safe_write.o)     libbb/lib.a(full_write.o) (safe_write)
libbb/lib.a(time.o)           libbb/lib.a(xfuncs_printf.o) (monotonic_us)
libbb/lib.a(verror_msg.o)     libbb/lib.a(xfuncs_printf.o) (bb_verror_msg)
libbb/lib.a(bb_strtonum.o)    libbb/lib.a(time.o) (bb_strtol)
loginutils/lib.a(deluser.o)   libbb/lib.a(appletlib.o) (deluser_main)
miscutils/lib.a(chrt.o)       libbb/lib.a(appletlib.o) (chrt_main)
miscutils/lib.a(flash_eraseall.o)
                              libbb/lib.a(appletlib.o) (flash_eraseall_main)
miscutils/lib.a(sysinfo.o)    libbb/lib.a(appletlib.o) (sysinfo_main)
miscutils/lib.a(taskset.o)    libbb/lib.a(appletlib.o) (taskset_main)
modutils/lib.a(depmod.o)      libbb/lib.a(appletlib.o) (depmod_main)
modutils/lib.a(insmod.o)      libbb/lib.a(appletlib.o) (insmod_main)
modutils/lib.a(modprobe.o)    libbb/lib.a(appletlib.o) (modprobe_main)
modutils/lib.a(modutils.o)    modutils/lib.a(depmod.o) (string_to_llist)
modutils/lib.a(rmmod.o)       libbb/lib.a(appletlib.o) (rmmod_main)
networking/lib.a(ftpgetput.o)
                              libbb/lib.a(appletlib.o) (ftpgetput_main)
networking/lib.a(ifconfig.o)  libbb/lib.a(appletlib.o) (ifconfig_main)
networking/lib.a(interface.o)
                              networking/lib.a(ifconfig.o) (display_interfaces)
networking/lib.a(nc.o)        libbb/lib.a(appletlib.o) (nc_main)
networking/lib.a(ping.o)      libbb/lib.a(appletlib.o) (ping_main)
networking/lib.a(route.o)     libbb/lib.a(appletlib.o) (route_main)
networking/lib.a(sendarp.o)   libbb/lib.a(appletlib.o) (sendarp_main)
networking/lib.a(tftp.o)      libbb/lib.a(appletlib.o) (tftp_main)
networking/lib.a(tftpd.o)     libbb/lib.a(appletlib.o) (tftpd_main)
networking/lib.a(traceroute.o)
                              libbb/lib.a(appletlib.o) (traceroute_main)
networking/lib.a(vconfig.o)   libbb/lib.a(appletlib.o) (vconfig_main)
networking/lib.a(wget.o)      libbb/lib.a(appletlib.o) (wget_main)
procps/lib.a(kill.o)          libbb/lib.a(appletlib.o) (kill_main)
procps/lib.a(ps.o)            libbb/lib.a(appletlib.o) (ps_main)
procps/lib.a(top.o)           libbb/lib.a(appletlib.o) (top_main)
shell/lib.a(ash.o)            libbb/lib.a(appletlib.o) (ash_main)
shell/lib.a(ash_ptr_hack.o)   shell/lib.a(ash.o) (ash_ptr_to_globals_var)
shell/lib.a(math.o)           shell/lib.a(ash.o) (arith)
shell/lib.a(shell_common.o)   shell/lib.a(ash.o) (shell_builtin_read)
sysklogd/lib.a(klogd.o)       libbb/lib.a(appletlib.o) (klogd_main)
sysklogd/lib.a(logread.o)     libbb/lib.a(appletlib.o) (logread_main)
sysklogd/lib.a(syslogd_and_logger.o)
                              libbb/lib.a(appletlib.o) (syslogd_main)
util-linux/lib.a(dmesg.o)     libbb/lib.a(appletlib.o) (dmesg_main)
util-linux/lib.a(more.o)      libbb/lib.a(appletlib.o) (more_main)
util-linux/lib.a(mount.o)     libbb/lib.a(appletlib.o) (mount_main)
util-linux/lib.a(umount.o)    libbb/lib.a(appletlib.o) (umount_main)
archival/lib.a(bbunzip.o)     libbb/lib.a(appletlib.o) (gunzip_main)
archival/libunarchive/lib.a(decompress_bunzip2.o)
                              libbb/lib.a(appletlib.o) (read_bunzip)
archival/libunarchive/lib.a(decompress_unzip.o)
                              archival/lib.a(bbunzip.o) (unpack_gz_stream_with_info)
coreutils/lib.a(cat.o)        util-linux/lib.a(more.o) (bb_cat)
coreutils/lib.a(chmod.o)      libbb/lib.a(appletlib.o) (chmod_main)
coreutils/lib.a(cp.o)         libbb/lib.a(appletlib.o) (cp_main)
coreutils/lib.a(date.o)       libbb/lib.a(appletlib.o) (date_main)
coreutils/lib.a(dd.o)         libbb/lib.a(appletlib.o) (dd_main)
coreutils/lib.a(df.o)         libbb/lib.a(appletlib.o) (df_main)
coreutils/lib.a(echo.o)       libbb/lib.a(appletlib.o) (echo_main)
[...]
Memory Configuration

Name             Origin             Length             Attributes
*default*        0x0000000000000000 0xffffffffffffffff

Linker script and memory map

LOAD /opt/toolchains/crosstools-arm-gcc-4.6-linux-3.4-uclibc-0.9.32-binutils-2.21-NPTL/usr/arm-unknown-linux-uclibcgnueabi/sysroot/usr/lib/crt1.o
LOAD /opt/toolchains/crosstools-arm-gcc-4.6-linux-3.4-uclibc-0.9.32-binutils-2.21-NPTL/usr/arm-unknown-linux-uclibcgnueabi/sysroot/usr/lib/crti.o
LOAD /opt/toolchains/crosstools-arm-gcc-4.6-linux-3.4-uclibc-0.9.32-binutils-2.21-NPTL/usr/lib/gcc/arm-unknown-linux-uclibcgnueabi/4.6.2/crtbegin.o
START GROUP
LOAD applets/built-in.o
LOAD archival/lib.a
LOAD archival/libunarchive/lib.a
LOAD console-tools/lib.a
LOAD coreutils/lib.a
LOAD coreutils/libcoreutils/lib.a
LOAD debianutils/lib.a
LOAD e2fsprogs/lib.a
LOAD editors/lib.a
LOAD findutils/lib.a
LOAD init/lib.a
LOAD libbb/lib.a
LOAD libpwdgrp/lib.a
LOAD loginutils/lib.a
LOAD mailutils/lib.a
LOAD miscutils/lib.a
LOAD modutils/lib.a
LOAD networking/lib.a
LOAD networking/libiproute/lib.a
LOAD networking/udhcp/lib.a
LOAD printutils/lib.a
LOAD procps/lib.a
LOAD runit/lib.a
LOAD selinux/lib.a
LOAD shell/lib.a
LOAD sysklogd/lib.a
LOAD util-linux/lib.a
LOAD util-linux/volume_id/lib.a
LOAD archival/built-in.o
LOAD archival/libunarchive/built-in.o
LOAD console-tools/built-in.o
LOAD coreutils/built-in.o
LOAD coreutils/libcoreutils/built-in.o
LOAD debianutils/built-in.o
LOAD e2fsprogs/built-in.o
LOAD editors/built-in.o
LOAD findutils/built-in.o
LOAD init/built-in.o
LOAD libbb/built-in.o
LOAD libpwdgrp/built-in.o
LOAD loginutils/built-in.o
LOAD mailutils/built-in.o
LOAD miscutils/built-in.o
LOAD modutils/built-in.o
LOAD networking/built-in.o
LOAD networking/libiproute/built-in.o
LOAD networking/udhcp/built-in.o
LOAD printutils/built-in.o
LOAD procps/built-in.o
LOAD runit/built-in.o
LOAD selinux/built-in.o
LOAD shell/built-in.o
LOAD sysklogd/built-in.o
LOAD util-linux/built-in.o
LOAD util-linux/volume_id/built-in.o
END GROUP
START GROUP
LOAD /home/users/popeye_shen/ac88u-gpl/bcm963xx/targets/VR9517UAC44-A-ASU/fs.install/lib/public/libbcm_crc.so
LOAD /home/users/popeye_shen/ac88u-gpl/bcm963xx/targets/VR9517UAC44-A-ASU/fs.install/lib/public/libbcm_flashutil.so
LOAD /home/users/popeye_shen/ac88u-gpl/bcm963xx/targets/VR9517UAC44-A-ASU/fs.install/lib/public/libcms_boardctl.so
LOAD /home/users/popeye_shen/ac88u-gpl/bcm963xx/targets/VR9517UAC44-A-ASU/fs.install/lib/public/libcms_msg.so
LOAD /home/users/popeye_shen/ac88u-gpl/bcm963xx/targets/VR9517UAC44-A-ASU/fs.install/lib/public/libcms_util.so
END GROUP
LOAD /opt/toolchains/crosstools-arm-gcc-4.6-linux-3.4-uclibc-0.9.32-binutils-2.21-NPTL/usr/lib/gcc/arm-unknown-linux-uclibcgnueabi/4.6.2/libgcc.a
LOAD /opt/toolchains/crosstools-arm-gcc-4.6-linux-3.4-uclibc-0.9.32-binutils-2.21-NPTL/usr/lib/gcc/arm-unknown-linux-uclibcgnueabi/4.6.2/libgcc_eh.a
LOAD /opt/toolchains/crosstools-arm-gcc-4.6-linux-3.4-uclibc-0.9.32-binutils-2.21-NPTL/usr/arm-unknown-linux-uclibcgnueabi/sysroot/usr/lib/libc.so
START GROUP
LOAD /opt/toolchains/crosstools-arm-gcc-4.6-linux-3.4-uclibc-0.9.32-binutils-2.21-NPTL/usr/arm-unknown-linux-uclibcgnueabi/sysroot/lib/libc.so.0
LOAD /opt/toolchains/crosstools-arm-gcc-4.6-linux-3.4-uclibc-0.9.32-binutils-2.21-NPTL/usr/arm-unknown-linux-uclibcgnueabi/sysroot/usr/lib/uclibc_nonshared.a
LOAD /opt/toolchains/crosstools-arm-gcc-4.6-linux-3.4-uclibc-0.9.32-binutils-2.21-NPTL/usr/arm-unknown-linux-uclibcgnueabi/sysroot/lib/ld-uClibc.so.0
END GROUP
LOAD /opt/toolchains/crosstools-arm-gcc-4.6-linux-3.4-uclibc-0.9.32-binutils-2.21-NPTL/usr/lib/gcc/arm-unknown-linux-uclibcgnueabi/4.6.2/libgcc.a
LOAD /opt/toolchains/crosstools-arm-gcc-4.6-linux-3.4-uclibc-0.9.32-binutils-2.21-NPTL/usr/lib/gcc/arm-unknown-linux-uclibcgnueabi/4.6.2/libgcc_eh.a
LOAD /opt/toolchains/crosstools-arm-gcc-4.6-linux-3.4-uclibc-0.9.32-binutils-2.21-NPTL/usr/lib/gcc/arm-unknown-linux-uclibcgnueabi/4.6.2/crtend.o
LOAD /opt/toolchains/crosstools-arm-gcc-4.6-linux-3.4-uclibc-0.9.32-binutils-2.21-NPTL/usr/arm-unknown-linux-uclibcgnueabi/sysroot/usr/lib/crtn.o
                0x0000000000008000                PROVIDE (__executable_start, 0x8000)
                0x0000000000008114                . = (0x8000 + SIZEOF_HEADERS)

.interp         0x0000000000008114       0x14
 *(SORT(.interp))
 .interp        0x0000000000008114       0x14 libbb/lib.a(xfuncs_printf.o)

.note.gnu.build-id
 *(SORT(.note.gnu.build-id))

.hash           0x0000000000008128      0x8fc
 *(SORT(.hash))
 .hash          0x0000000000008128      0x8fc libbb/lib.a(xfuncs_printf.o)

.gnu.hash
 *(SORT(.gnu.hash))

.dynsym         0x0000000000008a24     0x1360
 *(SORT(.dynsym))
 .dynsym        0x0000000000008a24     0x1360 libbb/lib.a(xfuncs_printf.o)

.dynstr         0x0000000000009d84      0xbb4
 *(SORT(.dynstr))
 .dynstr        0x0000000000009d84      0xbb4 libbb/lib.a(xfuncs_printf.o)

.gnu.version    0x000000000000a938        0x0
 *(SORT(.gnu.version))
 .gnu.version   0x0000000000000000        0x0 libbb/lib.a(xfuncs_printf.o)

.gnu.version_d  0x000000000000a938        0x0
 *(SORT(.gnu.version_d))
 .gnu.version_d
                0x0000000000000000        0x0 libbb/lib.a(xfuncs_printf.o)

.gnu.version_r  0x000000000000a938        0x0
 *(SORT(.gnu.version_r))
 .gnu.version_r
                0x0000000000000000        0x0 libbb/lib.a(xfuncs_printf.o)

.rel.dyn        0x000000000000a938      0x110
 *(SORT(.rel.init))
 *(SORT(.rel.text) SORT(.rel.text.*) SORT(.rel.gnu.linkonce.t.*))
 *(SORT(.rel.fini))
 *(SORT(.rel.rodata) SORT(.rel.rodata.*) SORT(.rel.gnu.linkonce.r.*))
 *(SORT(.rel.data.rel.ro*) SORT(.rel.gnu.linkonce.d.rel.ro.*))
 *(SORT(.rel.data) SORT(.rel.data.*) SORT(.rel.gnu.linkonce.d.*))
 *(SORT(.rel.tdata) SORT(.rel.tdata.*) SORT(.rel.gnu.linkonce.td.*))
 *(SORT(.rel.tbss) SORT(.rel.tbss.*) SORT(.rel.gnu.linkonce.tb.*))
 *(SORT(.rel.ctors))
 *(SORT(.rel.dtors))
 *(SORT(.rel.got))
 .rel.got       0x000000000000a938      0x110 libbb/lib.a(xfuncs_printf.o)
 *(SORT(.rel.bss) SORT(.rel.bss.*) SORT(.rel.gnu.linkonce.b.*))
 .rel.bss       0x0000000000000000        0x0 libbb/lib.a(xfuncs_printf.o)
                0x000000000000aa48                PROVIDE (__rel_iplt_start, .)
 *(SORT(.rel.iplt))
                0x000000000000aa48                PROVIDE (__rel_iplt_end, .)
                0x000000000000aa48                PROVIDE (__rela_iplt_start, .)
                0x000000000000aa48                PROVIDE (__rela_iplt_end, .)

.rela.dyn       0x000000000000aa48        0x0
 *(SORT(.rela.init))
 *(SORT(.rela.text) SORT(.rela.text.*) SORT(.rela.gnu.linkonce.t.*))
 *(SORT(.rela.fini))
 *(SORT(.rela.rodata) SORT(.rela.rodata.*) SORT(.rela.gnu.linkonce.r.*))
 *(SORT(.rela.data) SORT(.rela.data.*) SORT(.rela.gnu.linkonce.d.*))
 *(SORT(.rela.tdata) SORT(.rela.tdata.*) SORT(.rela.gnu.linkonce.td.*))
 *(SORT(.rela.tbss) SORT(.rela.tbss.*) SORT(.rela.gnu.linkonce.tb.*))
 *(SORT(.rela.ctors))
 *(SORT(.rela.dtors))
 *(SORT(.rela.got))
 *(SORT(.rela.bss) SORT(.rela.bss.*) SORT(.rela.gnu.linkonce.b.*))
                0x000000000000aa48                PROVIDE (__rel_iplt_start, .)
                0x000000000000aa48                PROVIDE (__rel_iplt_end, .)
                0x000000000000aa48                PROVIDE (__rela_iplt_start, .)
 *(SORT(.rela.iplt))
                0x000000000000aa48                PROVIDE (__rela_iplt_end, .)

.rel.plt        0x000000000000aa48      0x828
 *(SORT(.rel.plt))
 .rel.plt       0x000000000000aa48      0x828 libbb/lib.a(xfuncs_printf.o)

.rela.plt
 *(SORT(.rela.plt))

.init           0x000000000000b270       0x10
 *(SORT(.init))
 .init          0x000000000000b270        0xc /opt/toolchains/crosstools-arm-gcc-4.6-linux-3.4-uclibc-0.9.32-binutils-2.21-NPTL/usr/arm-unknown-linux-uclibcgnueabi/sysroot/usr/lib/crti.o
                0x000000000000b270                _init
 .init          0x000000000000b27c        0x4 /opt/toolchains/crosstools-arm-gcc-4.6-linux-3.4-uclibc-0.9.32-binutils-2.21-NPTL/usr/arm-unknown-linux-uclibcgnueabi/sysroot/usr/lib/crtn.o

.plt            0x000000000000b280      0xc50
 *(SORT(.plt))
 .plt           0x000000000000b280      0xc50 libbb/lib.a(xfuncs_printf.o)
                0x000000000000b294                longjmp
                0x000000000000b2a0                putchar
                0x000000000000b2ac                cmsImg_getImageFlashSize
                0x000000000000b2b8                strcpy
                0x000000000000b2c4                chroot
                0x000000000000b2d0                setrlimit64
                0x000000000000b2dc                unsetenv
                0x000000000000b2e8                waitpid
                0x000000000000b2f4                ioctl
                0x000000000000b300                cmsLog_setLevel
                0x000000000000b30c                imgif_write
                0x000000000000b318                getgid
                0x000000000000b324                sysconf
                0x000000000000b330                printf
                0x000000000000b33c                cfgetospeed
                0x000000000000b348                recv
                0x000000000000b354                connect
                0x000000000000b360                cmsMsg_cleanup
                0x000000000000b36c                sigemptyset
                0x000000000000b378                utimes
                0x000000000000b384                shmctl
                0x000000000000b390                strerror
                0x000000000000b39c                geteuid
                0x000000000000b3a8                inet_pton
                0x000000000000b3b4                stat64
                0x000000000000b3c0                memmove
                0x000000000000b3cc                snprintf
                0x000000000000b3d8                sched_getparam
                0x000000000000b3e4                cmsImg_getConfigFlashSize
                0x000000000000b3f0                mknod
                0x000000000000b3fc                ftello64
                0x000000000000b408                getgrgid
                0x000000000000b414                times
                0x000000000000b420                statfs64
                0x000000000000b42c                getenv
                0x000000000000b438                fchmod
                0x000000000000b444                cmsLog_init
                0x000000000000b450                getegid
                0x000000000000b45c                bsearch
                0x000000000000b468                usleep
                0x000000000000b480                execve
                0x000000000000b48c                semget
                0x000000000000b498                getpagesize
                0x000000000000b4a4                getpid
                0x000000000000b4b0                cmsMsg_initWithFlags
                0x000000000000b4bc                qsort
                0x000000000000b4c8                fchown
                0x000000000000b4d4                fscanf
                0x000000000000b4e0                fgets
                0x000000000000b4ec                cmsMem_free
                0x000000000000b4f8                cmsUtil_sendRequestRebootMsg
                0x000000000000b504                fcntl64
                0x000000000000b510                getrlimit64
                0x000000000000b51c                shmat
                0x000000000000b528                memcpy
                0x000000000000b534                perror
                0x000000000000b540                readlink
                0x000000000000b54c                puts
                0x000000000000b558                dup2
                0x000000000000b564                imgif_open
                0x000000000000b570                getuid
                0x000000000000b57c                semctl
                0x000000000000b588                feof
                0x000000000000b594                malloc
                0x000000000000b5a0                isatty
                0x000000000000b5ac                cfgetispeed
                0x000000000000b5b8                sleep
                0x000000000000b5c4                sched_setscheduler
                0x000000000000b5d0                sysinfo
                0x000000000000b5dc                vsnprintf
                0x000000000000b5e8                recvfrom
                0x000000000000b5f4                strtoul
                0x000000000000b600                cmsImg_sendLoadDoneMsg
                0x000000000000b60c                sched_getscheduler
                0x000000000000b618                gethostbyaddr
                0x000000000000b624                rmdir
                0x000000000000b630                socket
                0x000000000000b63c                select
                0x000000000000b648                init_module
                0x000000000000b654                cmsImg_isBcmTaggedImage
                0x000000000000b660                lchown
                0x000000000000b66c                delete_module
                0x000000000000b678                fflush
                0x000000000000b684                realpath
                0x000000000000b690                putenv
                0x000000000000b69c                sigaddset
                0x000000000000b6a8                chown
                0x000000000000b6b4                strncasecmp
                0x000000000000b6c0                send
                0x000000000000b6cc                freeaddrinfo
                0x000000000000b6d8                __fgetc_unlocked
                0x000000000000b6e4                abort
                0x000000000000b6f0                chmod
                0x000000000000b6fc                getnameinfo
                0x000000000000b708                fstat64
                0x000000000000b714                alarm
                0x000000000000b720                strtol
                0x000000000000b72c                pipe
                0x000000000000b738                strnlen
                0x000000000000b744                uname
                0x000000000000b750                cmsLog_cleanup
                0x000000000000b75c                cfsetispeed
                0x000000000000b768                rename
                0x000000000000b774                strrchr
                0x000000000000b780                write
                0x000000000000b78c                log_log
                0x000000000000b798                fprintf
                0x000000000000b7a4                kill
                0x000000000000b7b0                ctime
                0x000000000000b7bc                strcat
                0x000000000000b7c8                bind
                0x000000000000b7d4                getmntent_r
                0x000000000000b7e0                vprintf
                0x000000000000b7ec                umount2
                0x000000000000b7f8                if_nametoindex
                0x000000000000b810                reboot
                0x000000000000b81c                chdir
                0x000000000000b828                cmsImg_getBroadcomImageTagSize
                0x000000000000b834                shmdt
                0x000000000000b840                setsockopt
                0x000000000000b84c                cmsImg_saveIfNameFromSocket
                0x000000000000b858                shmget
                0x000000000000b864                cfsetospeed
                0x000000000000b870                wait
                0x000000000000b87c                umask
                0x000000000000b888                dprintf
                0x000000000000b894                mktime
                0x000000000000b8a0                strcasestr
                0x000000000000b8ac                ferror
                0x000000000000b8b8                strstr
                0x000000000000b8c4                setgid
                0x000000000000b8d0                signal
                0x000000000000b8dc                read
                0x000000000000b8e8                openlog
                0x000000000000b8f4                closelog
                0x000000000000b900                strncmp
                0x000000000000b90c                cmsMsg_send
                0x000000000000b918                __cmsg_nxthdr
                0x000000000000b924                strncpy
                0x000000000000b930                unlink
                0x000000000000b93c                sync
                0x000000000000b948                setenv
                0x000000000000b954                freopen64
                0x000000000000b960                strcasecmp
                0x000000000000b96c                sendto
                0x000000000000b984                sched_get_priority_max
                0x000000000000b990                realloc
                0x000000000000b99c                readdir64
                0x000000000000b9a8                strtok
                0x000000000000b9b4                sigfillset
                0x000000000000b9c0                memcmp
                0x000000000000b9cc                sched_get_priority_min
                0x000000000000b9d8                fdopen
                0x000000000000b9e4                cmsImg_sendLoadStartingMsg
                0x000000000000b9f0                fork
                0x000000000000b9fc                sscanf
                0x000000000000ba08                setmntent
                0x000000000000ba14                lstat64
                0x000000000000ba20                sigaction
                0x000000000000ba2c                endmntent
                0x000000000000ba38                fread
                0x000000000000ba44                ttyname_r
                0x000000000000ba50                __uClibc_main
                0x000000000000ba5c                strdup
                0x000000000000ba68                inet_aton
                0x000000000000ba74                strtoull
                0x000000000000ba80                regcomp
                0x000000000000ba8c                symlink
                0x000000000000ba98                gettimeofday
                0x000000000000baa4                getopt
                0x000000000000bab0                localtime
                0x000000000000babc                memset
                0x000000000000bac8                fnmatch
                0x000000000000bad4                cmsImg_writeImage
                0x000000000000bae0                clearerr
                0x000000000000baec                mallopt
                0x000000000000baf8                fclose
                0x000000000000bb04                open64
                0x000000000000bb10                inet_ntoa
                0x000000000000bb1c                getppid
                0x000000000000bb28                imgif_close
                0x000000000000bb34                tcgetattr
                0x000000000000bb40                cmsMsg_init
                0x000000000000bb4c                regexec
                0x000000000000bb58                time
                0x000000000000bb64                opendir
                0x000000000000bb70                getgroups
                0x000000000000bb7c                poll
                0x000000000000bb88                cmsImg_isConfigFileLikely
                0x000000000000bb94                syslog
                0x000000000000bba0                mount
                0x000000000000bbac                strcmp
                0x000000000000bbb8                shutdown
                0x000000000000bbc4                getpwuid
                0x000000000000bbd0                dup
                0x000000000000bbdc                __gnu_Unwind_Find_exidx
                0x000000000000bbe8                getcwd
                0x000000000000bbf4                gethostbyname
                0x000000000000bc00                strsignal
                0x000000000000bc0c                getpwnam
                0x000000000000bc18                getservbyname
                0x000000000000bc24                fgetc
                0x000000000000bc30                sprintf
                0x000000000000bc3c                strcspn
                0x000000000000bc48                regerror
                0x000000000000bc54                umount
                0x000000000000bc60                vfork
                0x000000000000bc6c                sched_getaffinity
                0x000000000000bc78                strsep
                0x000000000000bc84                fsync
                0x000000000000bc90                fputc
                0x000000000000bc9c                imgif_get_enable_mode
                0x000000000000bca8                sched_setaffinity
                0x000000000000bcb4                localtime_r
                0x000000000000bcc0                getaddrinfo
                0x000000000000bccc                strftime
                0x000000000000bcd8                cmsLog_initWithName
                0x000000000000bce4                getmntent
                0x000000000000bcf0                access
                0x000000000000bcfc                strptime
                0x000000000000bd08                __errno_location
                0x000000000000bd14                link
                0x000000000000bd20                semop
                0x000000000000bd2c                exit
                0x000000000000bd38                stime
                0x000000000000bd44                klogctl
                0x000000000000bd50                sigdelset
                0x000000000000bd5c                inet_ntop
                0x000000000000bd68                atoi
                0x000000000000bd74                fileno
                0x000000000000bd80                _setjmp
                0x000000000000bd8c                _exit
                0x000000000000bd98                cmsMsg_receive
                0x000000000000bda4                strspn
                0x000000000000bdb0                strlen
                0x000000000000bdbc                lseek64
                0x000000000000bdc8                regfree
                0x000000000000bdd4                strchr
                0x000000000000bde0                fputs
                0x000000000000bdec                execvp
                0x000000000000bdf8                setsid
                0x000000000000be04                closedir
                0x000000000000be10                vasprintf
                0x000000000000be1c                recvmsg
                0x000000000000be28                strchrnul
                0x000000000000be34                setuid
                0x000000000000be40                tcsetattr
                0x000000000000be4c                mkdir
                0x000000000000be64                close
                0x000000000000be70                vfprintf
                0x000000000000be7c                strpbrk
                0x000000000000be88                raise
                0x000000000000be94                free
                0x000000000000bea0                sigprocmask
                0x000000000000beac                __fputc_unlocked
                0x000000000000beb8                fopen64
                0x000000000000bec4                ftruncate64

.iplt
 *(SORT(.iplt))

.text           0x000000000000bed0    0x33074
 *(SORT(.text.unlikely) SORT(.text.*_unlikely))
 *(SORT(.text.exit) SORT(.text.exit.*))
 *(SORT(.text.startup) SORT(.text.startup.*))
 *(SORT(.text.hot) SORT(.text.hot.*))
 *(SORT(.text) SORT(.stub) SORT(.text.*) SORT(.gnu.linkonce.t.*))
 .text          0x000000000000bed0       0x3c /opt/toolchains/crosstools-arm-gcc-4.6-linux-3.4-uclibc-0.9.32-binutils-2.21-NPTL/usr/arm-unknown-linux-uclibcgnueabi/sysroot/usr/lib/crt1.o
                0x000000000000bed0                _start
 .text          0x000000000000bf0c       0x94 /opt/toolchains/crosstools-arm-gcc-4.6-linux-3.4-uclibc-0.9.32-binutils-2.21-NPTL/usr/lib/gcc/arm-unknown-linux-uclibcgnueabi/4.6.2/crtbegin.o
 .text.applet_name_compare
                0x000000000000bfa0       0x2c libbb/lib.a(appletlib.o)
 .text.find_applet_by_name
                0x000000000000bfcc       0x40 libbb/lib.a(appletlib.o)
                0x000000000000bfcc                find_applet_by_name
 .text.bb_show_usage
                0x000000000000c00c      0x10c libbb/lib.a(appletlib.o)
                0x000000000000c00c                bb_show_usage
 .text.lbb_prepare
                0x000000000000c118       0x30 libbb/lib.a(appletlib.o)
                0x000000000000c118                lbb_prepare
 .text.run_applet_no_and_exit
                0x000000000000c148       0xd4 libbb/lib.a(appletlib.o)
                0x000000000000c148                run_applet_no_and_exit
 .text.run_applet_and_exit
                0x000000000000c21c      0x22c libbb/lib.a(appletlib.o)
                0x000000000000c21c                run_applet_and_exit
 .text.main     0x000000000000c448       0x90 libbb/lib.a(appletlib.o)
                0x000000000000c448                main
 .text.bb_basename
                0x000000000000c4d8       0x20 libbb/lib.a(bb_basename.o)
                0x000000000000c4d8                bb_basename
 .text.bb_get_last_path_component_nostrip
                0x000000000000c4f8       0x38 libbb/lib.a(get_last_path_component.o)
                0x000000000000c4f8                bb_get_last_path_component_nostrip
 .text.bb_get_last_path_component_strip
                0x000000000000c530       0x54 libbb/lib.a(get_last_path_component.o)
                0x000000000000c530                bb_get_last_path_component_strip
 .text.last_char_is
                0x000000000000c584       0x3c libbb/lib.a(last_char_is.o)
                0x000000000000c584                last_char_is
 .text.xfunc_die
                0x000000000000c5c0       0x2c libbb/lib.a(xfunc_die.o)
                0x000000000000c5c0                xfunc_die
 .text.wh_helper
                0x000000000000c5ec       0x4c libbb/lib.a(xfuncs.o)
 .text.ndelay_off
                0x000000000000c638       0x24 libbb/lib.a(xfuncs.o)
                0x000000000000c638                ndelay_off
 .text.close_on_exec_on
                0x000000000000c65c        0xc libbb/lib.a(xfuncs.o)
                0x000000000000c65c                close_on_exec_on
 .text.strncpy_IFNAMSIZ
                0x000000000000c668        0x8 libbb/lib.a(xfuncs.o)
                0x000000000000c668                strncpy_IFNAMSIZ
 .text.utoa_to_buf
                0x000000000000c670       0x94 libbb/lib.a(xfuncs.o)
                0x000000000000c670                utoa_to_buf
 .text.itoa_to_buf
                0x000000000000c704       0x28 libbb/lib.a(xfuncs.o)
                0x000000000000c704                itoa_to_buf
 .text.utoa     0x000000000000c72c       0x2c libbb/lib.a(xfuncs.o)
                0x000000000000c72c                utoa
 .text.itoa     0x000000000000c758       0x2c libbb/lib.a(xfuncs.o)
                0x000000000000c758                itoa
 .text.full_write2_str
                0x000000000000c784       0x20 libbb/lib.a(xfuncs.o)
                0x000000000000c784                full_write2_str
 .text.get_terminal_width_height
                0x000000000000c7a4       0xa0 libbb/lib.a(xfuncs.o)
                0x000000000000c7a4                get_terminal_width_height
 .text.tcsetattr_stdin_TCSANOW
                0x000000000000c844       0x10 libbb/lib.a(xfuncs.o)
                0x000000000000c844                tcsetattr_stdin_TCSANOW
 .text.safe_waitpid
                0x000000000000c854       0x48 libbb/lib.a(xfuncs.o)
                0x000000000000c854                safe_waitpid
 .text.wait_any_nohang
                0x000000000000c89c       0x10 libbb/lib.a(xfuncs.o)
                0x000000000000c89c                wait_any_nohang
 .text.malloc_or_warn
                0x000000000000c8ac       0x40 libbb/lib.a(xfuncs_printf.o)
                0x000000000000c8ac                malloc_or_warn
 .text.xmalloc  0x000000000000c8ec       0x34 libbb/lib.a(xfuncs_printf.o)
                0x000000000000c8ec                xmalloc
 .text.xrealloc
                0x000000000000c920       0x34 libbb/lib.a(xfuncs_printf.o)
                0x000000000000c920                xrealloc
 .text.xzalloc  0x000000000000c954       0x24 libbb/lib.a(xfuncs_printf.o)
                0x000000000000c954                xzalloc
 .text.xstrdup  0x000000000000c978       0x30 libbb/lib.a(xfuncs_printf.o)
                0x000000000000c978                xstrdup
 .text.xstrndup
                0x000000000000c9a8       0x50 libbb/lib.a(xfuncs_printf.o)
                0x000000000000c9a8                xstrndup
 .text.xfopen   0x000000000000c9f8       0x28 libbb/lib.a(xfuncs_printf.o)
                0x000000000000c9f8                xfopen
 .text.xopen3   0x000000000000ca20       0x28 libbb/lib.a(xfuncs_printf.o)
                0x000000000000ca20                xopen3
 .text.xopen    0x000000000000ca48        0x8 libbb/lib.a(xfuncs_printf.o)
                0x000000000000ca48                xopen
 .text.xopen_nonblocking
                0x000000000000ca50        0x8 libbb/lib.a(xfuncs_printf.o)
                0x000000000000ca50                xopen_nonblocking
 .text.open3_or_warn
                0x000000000000ca58       0x30 libbb/lib.a(xfuncs_printf.o)
                0x000000000000ca58                open3_or_warn
 .text.open_or_warn
                0x000000000000ca88        0x8 libbb/lib.a(xfuncs_printf.o)
                0x000000000000ca88                open_or_warn
 .text.xunlink  0x000000000000ca90       0x28 libbb/lib.a(xfuncs_printf.o)
                0x000000000000ca90                xunlink
 .text.xdup2    0x000000000000cab8       0x24 libbb/lib.a(xfuncs_printf.o)
                0x000000000000cab8                xdup2
 .text.xmove_fd
                0x000000000000cadc       0x20 libbb/lib.a(xfuncs_printf.o)
                0x000000000000cadc                xmove_fd
 .text.xwrite   0x000000000000cafc       0x28 libbb/lib.a(xfuncs_printf.o)
                0x000000000000cafc                xwrite
 .text.xclose   0x000000000000cb24       0x20 libbb/lib.a(xfuncs_printf.o)
                0x000000000000cb24                xclose
 .text.xlseek   0x000000000000cb44       0x60 libbb/lib.a(xfuncs_printf.o)
                0x000000000000cb44                xlseek
 .text.fflush_all
                0x000000000000cba4        0x8 libbb/lib.a(xfuncs_printf.o)
                0x000000000000cba4                fflush_all
 .text.bb_putchar
                0x000000000000cbac       0x50 libbb/lib.a(xfuncs_printf.o)
                0x000000000000cbac                bb_putchar
 .text.xasprintf
                0x000000000000cbfc       0x44 libbb/lib.a(xfuncs_printf.o)
                0x000000000000cbfc                xasprintf
 .text.xsetenv  0x000000000000cc40       0x24 libbb/lib.a(xfuncs_printf.o)
                0x000000000000cc40                xsetenv
 .text.xsetgid  0x000000000000cc64       0x20 libbb/lib.a(xfuncs_printf.o)
                0x000000000000cc64                xsetgid
 .text.xsetuid  0x000000000000cc84       0x20 libbb/lib.a(xfuncs_printf.o)
                0x000000000000cc84                xsetuid
 .text.xchdir   0x000000000000cca4       0x28 libbb/lib.a(xfuncs_printf.o)
                0x000000000000cca4                xchdir
 .text.warn_opendir
                0x000000000000cccc       0x30 libbb/lib.a(xfuncs_printf.o)
                0x000000000000cccc                warn_opendir
 .text.xopendir
                0x000000000000ccfc       0x28 libbb/lib.a(xfuncs_printf.o)
                0x000000000000ccfc                xopendir
 .text.xsocket  0x000000000000cd24       0x20 libbb/lib.a(xfuncs_printf.o)
                0x000000000000cd24                xsocket
 .text.xbind    0x000000000000cd44       0x20 libbb/lib.a(xfuncs_printf.o)
                0x000000000000cd44                xbind
 .text.xsendto  0x000000000000cd64       0x34 libbb/lib.a(xfuncs_printf.o)
                0x000000000000cd64                xsendto
 .text.xstat    0x000000000000cd98       0x28 libbb/lib.a(xfuncs_printf.o)
                0x000000000000cd98                xstat
 .text.ioctl_or_perror_and_die
                0x000000000000cdc0       0x50 libbb/lib.a(xfuncs_printf.o)
                0x000000000000cdc0                ioctl_or_perror_and_die
 .text.bb_ioctl_or_warn
                0x000000000000ce10       0x30 libbb/lib.a(xfuncs_printf.o)
                0x000000000000ce10                bb_ioctl_or_warn
 .text.bb_xioctl
                0x000000000000ce40       0x28 libbb/lib.a(xfuncs_printf.o)
                0x000000000000ce40                bb_xioctl
 .text.xmalloc_ttyname
                0x000000000000ce68       0x40 libbb/lib.a(xfuncs_printf.o)
                0x000000000000ce68                xmalloc_ttyname
 .text.xfork    0x000000000000cea8       0x24 libbb/lib.a(xfuncs_printf.o)
                0x000000000000cea8                xfork
 .text.bb_full_fd_action
                0x000000000000cecc      0x138 libbb/lib.a(copyfd.o)
 .text.bb_copyfd_eof
                0x000000000000d004        0xc libbb/lib.a(copyfd.o)
                0x000000000000d004                bb_copyfd_eof
 .text.full_write
                0x000000000000d010       0x58 libbb/lib.a(full_write.o)
                0x000000000000d010                full_write
 .text.bb_perror_msg
                0x000000000000d068       0x48 libbb/lib.a(perror_msg.o)
                0x000000000000d068                bb_perror_msg
 .text.bb_perror_msg_and_die
                0x000000000000d0b0       0x40 libbb/lib.a(perror_msg.o)
                0x000000000000d0b0                bb_perror_msg_and_die
 .text.bb_simple_perror_msg
                0x000000000000d0f0       0x14 libbb/lib.a(perror_msg.o)
                0x000000000000d0f0                bb_simple_perror_msg
 .text.bb_simple_perror_msg_and_die
                0x000000000000d104       0x18 libbb/lib.a(perror_msg.o)
                0x000000000000d104                bb_simple_perror_msg_and_die
 .text.safe_read
                0x000000000000d11c       0x48 libbb/lib.a(read.o)
                0x000000000000d11c                safe_read
 .text.full_read
                0x000000000000d164       0x5c libbb/lib.a(read.o)
                0x000000000000d164                full_read
 .text.read_close
                0x000000000000d1c0       0x20 libbb/lib.a(read.o)
                0x000000000000d1c0                read_close
 .text.open_read_close
                0x000000000000d1e0       0x2c libbb/lib.a(read.o)
                0x000000000000d1e0                open_read_close
 .text.safe_write
                0x000000000000d20c       0x48 libbb/lib.a(safe_write.o)
                0x000000000000d20c                safe_write
 .text.parse_datestr
                0x000000000000d254      0x3e8 libbb/lib.a(time.o)
                0x000000000000d254                parse_datestr
 .text.validate_tm_time
                0x000000000000d63c       0x2c libbb/lib.a(time.o)
                0x000000000000d63c                validate_tm_time
 .text.monotonic_us
                0x000000000000d668       0x30 libbb/lib.a(time.o)
                0x000000000000d668                monotonic_us
 .text.monotonic_ms
                0x000000000000d698       0x3c libbb/lib.a(time.o)
                0x000000000000d698                monotonic_ms
 .text.monotonic_sec
                0x000000000000d6d4        0x8 libbb/lib.a(time.o)
                0x000000000000d6d4                monotonic_sec
 .text.bb_verror_msg
                0x000000000000d6dc      0x1d4 libbb/lib.a(verror_msg.o)
                0x000000000000d6dc                bb_verror_msg
 .text.bb_error_msg_and_die
                0x000000000000d8b0       0x20 libbb/lib.a(verror_msg.o)
                0x000000000000d8b0                bb_error_msg_and_die
 .text.bb_error_msg
                0x000000000000d8d0       0x28 libbb/lib.a(verror_msg.o)
                0x000000000000d8d0                bb_error_msg
 .text.ret_ERANGE
                0x000000000000d8f8       0x20 libbb/lib.a(bb_strtonum.o)
 .text.handle_errors
                0x000000000000d918       0x60 libbb/lib.a(bb_strtonum.o)
 .text.bb_strtoull
                0x000000000000d978       0x64 libbb/lib.a(bb_strtonum.o)
                0x000000000000d978                bb_strtoull
 .text.bb_strtoul
                0x000000000000d9dc       0x68 libbb/lib.a(bb_strtonum.o)
                0x000000000000d9dc                bb_strtoul
 .text.bb_strtol
                0x000000000000da44       0x70 libbb/lib.a(bb_strtonum.o)
                0x000000000000da44                bb_strtol
 .text.del_line_matching
                0x000000000000dab4       0x14 loginutils/lib.a(deluser.o)
 .text.deluser_main
                0x000000000000dac8       0x70 loginutils/lib.a(deluser.o)
                0x000000000000dac8                deluser_main
 .text.show_min_max
                0x000000000000db38       0x58 miscutils/lib.a(chrt.o)
 .text.chrt_main
                0x000000000000db90      0x204 miscutils/lib.a(chrt.o)
                0x000000000000db90                chrt_main
 .text.show_progress
                0x000000000000dd94       0x70 miscutils/lib.a(flash_eraseall.o)
 .text.flash_eraseall_main
                0x000000000000de04      0x3f0 miscutils/lib.a(flash_eraseall.o)
                0x000000000000de04                flash_eraseall_main
 .text.sysinfo_main
                0x000000000000e1f4      0x318 miscutils/lib.a(sysinfo.o)
                0x000000000000e1f4                sysinfo_main
 .text.taskset_main
                0x000000000000e50c      0x29c miscutils/lib.a(taskset.o)
                0x000000000000e50c                taskset_main
 .text.order_dep_list
                0x000000000000e7a8       0x90 modutils/lib.a(depmod.o)
 .text.parse_module
                0x000000000000e838      0x120 modutils/lib.a(depmod.o)
 .text.depmod_main
                0x000000000000e958      0x214 modutils/lib.a(depmod.o)
                0x000000000000e958                depmod_main
 .text.insmod_main
                0x000000000000eb6c       0x54 modutils/lib.a(insmod.o)
                0x000000000000eb6c                insmod_main
 .text.humanly_readable_name
                0x000000000000ebc0       0x14 modutils/lib.a(modprobe.o)
 .text.read_config
                0x000000000000ebd4       0x2c modutils/lib.a(modprobe.o)
 .text.gather_options_str
                0x000000000000ec00       0x68 modutils/lib.a(modprobe.o)
 .text.helper_get_module
                0x000000000000ec68       0xa8 modutils/lib.a(modprobe.o)
 .text.get_or_add_modentry
                0x000000000000ed10        0x8 modutils/lib.a(modprobe.o)
 .text.add_probe
                0x000000000000ed18       0x94 modutils/lib.a(modprobe.o)
 .text.config_file_action
                0x000000000000edac      0x268 modutils/lib.a(modprobe.o)
 .text.do_modprobe
                0x000000000000f014      0x2bc modutils/lib.a(modprobe.o)
 .text.modprobe_main
                0x000000000000f2d0      0x4a8 modutils/lib.a(modprobe.o)
                0x000000000000f2d0                modprobe_main
 .text.string_to_llist
                0x000000000000f778       0x60 modutils/lib.a(modutils.o)
                0x000000000000f778                string_to_llist
 .text.filename2modname
                0x000000000000f7d8       0x74 modutils/lib.a(modutils.o)
                0x000000000000f7d8                filename2modname
 .text.parse_cmdline_module_options
                0x000000000000f84c       0x94 modutils/lib.a(modutils.o)
                0x000000000000f84c                parse_cmdline_module_options
 .text.bb_init_module
                0x000000000000f8e0       0x74 modutils/lib.a(modutils.o)
                0x000000000000f8e0                bb_init_module
 .text.bb_delete_module
                0x000000000000f954       0x24 modutils/lib.a(modutils.o)
                0x000000000000f954                bb_delete_module
 .text.moderror
                0x000000000000f978       0x90 modutils/lib.a(modutils.o)
                0x000000000000f978                moderror
 .text.rmmod_main
                0x000000000000fa08      0x110 modutils/lib.a(rmmod.o)
                0x000000000000fa08                rmmod_main
 .text.ftp_die  0x000000000000fb18       0x7c networking/lib.a(ftpgetput.o)
 .text.ftpcmd   0x000000000000fb94      0x16c networking/lib.a(ftpgetput.o)
 .text.ftp_log  0x000000000000fd00       0xa0 networking/lib.a(ftpgetput.o)
 .text.ftpgetput_main
                0x000000000000fda0      0xd58 networking/lib.a(ftpgetput.o)
                0x000000000000fda0                ftpgetput_main
 .text.ifconfig_main
                0x0000000000010af8      0x540 networking/lib.a(ifconfig.o)
                0x0000000000010af8                ifconfig_main
 .text.get_afntype
                0x0000000000011038       0x30 networking/lib.a(interface.o)
 .text.hexchar2int
                0x0000000000011068       0x2c networking/lib.a(interface.o)
 .text.ether_input
                0x0000000000011094       0xc8 networking/lib.a(interface.o)
 .text.add_interface
                0x000000000001115c       0x9c networking/lib.a(interface.o)
 .text.if_readconf
                0x00000000000111f8       0xc4 networking/lib.a(interface.o)
 .text.if_readlist_proc
                0x00000000000112bc      0x388 networking/lib.a(interface.o)
 .text.do_if_fetch
                0x0000000000011644      0x2e4 networking/lib.a(interface.o)
 .text.print_bytes_scaled
                0x0000000000011928       0x98 networking/lib.a(interface.o)
 .text.UNSPEC_print
                0x00000000000119c0       0x7c networking/lib.a(interface.o)
 .text.UNSPEC_sprint
                0x0000000000011a3c       0x30 networking/lib.a(interface.o)
 .text.INET6_input
                0x0000000000011a6c        0x4 networking/lib.a(interface.o)
 .text.INET6_sprint
                0x0000000000011a70       0x5c networking/lib.a(interface.o)
 .text.INET_input
                0x0000000000011acc        0x8 networking/lib.a(interface.o)
 .text.INET_sprint
                0x0000000000011ad4       0x60 networking/lib.a(interface.o)
 .text.ether_print
                0x0000000000011b34       0x60 networking/lib.a(interface.o)
 .text.get_hwntype
                0x0000000000011b94       0x30 networking/lib.a(interface.o)
                0x0000000000011b94                get_hwntype
 .text.ife_print
                0x0000000000011bc4      0x8a8 networking/lib.a(interface.o)
 .text.display_interfaces
                0x000000000001246c       0xe0 networking/lib.a(interface.o)
                0x000000000001246c                display_interfaces
 .text.nc_main  0x000000000001254c      0x180 networking/lib.a(nc.o)
                0x000000000001254c                nc_main
 .text.logStat  0x00000000000126cc      0x3fc networking/lib.a(ping.o)
 .text.cmsCleanup
                0x0000000000012ac8       0x30 networking/lib.a(ping.o)
 .text.sendping_tail
                0x0000000000012af8      0x270 networking/lib.a(ping.o)
 .text.sendping6
                0x0000000000012d68       0xa4 networking/lib.a(ping.o)
 .text.sendping4
                0x0000000000012e0c      0x128 networking/lib.a(ping.o)
 .text.print_stats_and_exit
                0x0000000000012f34      0x344 networking/lib.a(ping.o)
 .text.unpack_tail.isra.0
                0x0000000000013278      0x2d8 networking/lib.a(ping.o)
 .text.common_ping_main
                0x0000000000013550      0xf5c networking/lib.a(ping.o)
 .text.ping_main
                0x00000000000144ac        0xc networking/lib.a(ping.o)
                0x00000000000144ac                ping_main
 .text.ping6_main
                0x00000000000144b8        0xc networking/lib.a(ping.o)
                0x00000000000144b8                ping6_main
 .text.set_flags
                0x00000000000144c4       0x4c networking/lib.a(route.o)
 .text.kw_lookup
                0x0000000000014510       0x80 networking/lib.a(route.o)
 .text.INET6_displayroutes
                0x0000000000014590      0x224 networking/lib.a(route.o)
 .text.INET6_setroute
                0x00000000000147b4      0x258 networking/lib.a(route.o)
 .text.INET_setroute
                0x0000000000014a0c      0x3cc networking/lib.a(route.o)
 .text.bb_displayroutes
                0x0000000000014dd8      0x21c networking/lib.a(route.o)
                0x0000000000014dd8                bb_displayroutes
 .text.route_main
                0x0000000000014ff4      0x180 networking/lib.a(route.o)
                0x0000000000014ff4                route_main
 .text.getDevInfo
                0x0000000000015174       0xec networking/lib.a(sendarp.o)
 .text.sendarp_main
                0x0000000000015260      0x298 networking/lib.a(sendarp.o)
                0x0000000000015260                sendarp_main
 .text.tftp_protocol.constprop.0
                0x00000000000154f8      0x998 networking/lib.a(tftp.o)
 .text.tftp_main
                0x0000000000015e90      0x344 networking/lib.a(tftp.o)
                0x0000000000015e90                tftp_main
 .text.tftpd_nak
                0x00000000000161d4      0x1a8 networking/lib.a(tftpd.o)
 .text.common_exit.constprop.5
                0x000000000001637c       0x24 networking/lib.a(tftpd.o)
 .text.handler_sigterm
                0x00000000000163a0       0x30 networking/lib.a(tftpd.o)
 .text.perror_msg_and_die
                0x00000000000163d0       0x1c networking/lib.a(tftpd.o)
 .text.tftpd_ack
                0x00000000000163ec       0x44 networking/lib.a(tftpd.o)
 .text.tftpd_daemon.isra.2
                0x0000000000016430      0x6f8 networking/lib.a(tftpd.o)
 .text.tftpd_main
                0x0000000000016b28       0x98 networking/lib.a(tftpd.o)
                0x0000000000016b28                tftpd_main
 .text.logStat  0x0000000000016bc0      0x230 networking/lib.a(traceroute.o)
 .text.cmsCleanup
                0x0000000000016df0       0x30 networking/lib.a(traceroute.o)
 .text.common_traceroute_main
                0x0000000000016e20     0x10e4 networking/lib.a(traceroute.o)
 .text.traceroute_main
                0x0000000000017f04        0x8 networking/lib.a(traceroute.o)
                0x0000000000017f04                traceroute_main
 .text.traceroute6_main
                0x0000000000017f0c        0x8 networking/lib.a(traceroute.o)
                0x0000000000017f0c                traceroute6_main
 .text.xfind_str
                0x0000000000017f14       0x40 networking/lib.a(vconfig.o)
 .text.vconfig_main
                0x0000000000017f54      0x160 networking/lib.a(vconfig.o)
                0x0000000000017f54                vconfig_main
 .text.sanitize_string
                0x00000000000180b4       0x24 networking/lib.a(wget.o)
 .text.open_socket
                0x00000000000180d8       0x30 networking/lib.a(wget.o)
 .text.parse_url
                0x0000000000018108      0x1ac networking/lib.a(wget.o)
 .text.ftpcmd   0x00000000000182b4       0xcc networking/lib.a(wget.o)
 .text.gethdr.constprop.1
                0x0000000000018380      0x154 networking/lib.a(wget.o)
 .text.safe_fgets.constprop.2
                0x00000000000184d4       0x68 networking/lib.a(wget.o)
 .text.retrieve_file_data
                0x000000000001853c      0x2e0 networking/lib.a(wget.o)
 .text.wget_main
                0x000000000001881c      0xcbc networking/lib.a(wget.o)
                0x000000000001881c                wget_main
 .text.kill_main
                0x00000000000194d8      0x340 procps/lib.a(kill.o)
                0x00000000000194d8                kill_main
 .text.ps_main  0x0000000000019818       0xd0 procps/lib.a(ps.o)
                0x0000000000019818                ps_main
 .text.prio_sort
                0x00000000000198e8       0x10 procps/lib.a(top.o)
 .text.affinity_sort
                0x00000000000198f8       0x10 procps/lib.a(top.o)
 .text.pid_sort
                0x0000000000019908       0x10 procps/lib.a(top.o)
 .text.mem_sort
                0x0000000000019918       0x24 procps/lib.a(top.o)
 .text.pcpu_sort
                0x000000000001993c       0x10 procps/lib.a(top.o)
 .text.time_sort
                0x000000000001994c       0x24 procps/lib.a(top.o)
 .text.mult_lvl_cmp
                0x0000000000019970       0x64 procps/lib.a(top.o)
 .text.reset_term
                0x00000000000199d4       0x14 procps/lib.a(top.o)
 .text.sig_catcher
                0x00000000000199e8       0x10 procps/lib.a(top.o)
 .text.display_process_list
                0x00000000000199f8      0x9f8 procps/lib.a(top.o)
 .text.clearmems
                0x000000000001a3f0       0x5c procps/lib.a(top.o)
 .text.read_cpu_jiffy
                0x000000000001a44c      0x120 procps/lib.a(top.o)
 .text.get_jiffy_counts
                0x000000000001a56c      0x2a0 procps/lib.a(top.o)
 .text.do_stats
                0x000000000001a80c      0x254 procps/lib.a(top.o)
 .text.top_main
                0x000000000001aa60      0x938 procps/lib.a(top.o)
                0x000000000001aa60                top_main
 .text.isdigit_str9
                0x000000000001b398       0x38 shell/lib.a(ash.o)
 .text.var_end  0x000000000001b3d0       0x28 shell/lib.a(ash.o)
 .text.stunalloc
                0x000000000001b3f8       0x38 shell/lib.a(ash.o)
 .text.setstackmark
                0x000000000001b430       0x44 shell/lib.a(ash.o)
 .text.prefix   0x000000000001b474       0x28 shell/lib.a(ash.o)
 .text.is_number
                0x000000000001b49c       0x30 shell/lib.a(ash.o)
 .text.endofname
                0x000000000001b4cc       0x74 shell/lib.a(ash.o)
 .text.varcmp   0x000000000001b540       0x40 shell/lib.a(ash.o)
 .text.hashvar  0x000000000001b580       0x58 shell/lib.a(ash.o)
 .text.vpcmp    0x000000000001b5d8        0xc shell/lib.a(ash.o)
 .text.findvar  0x000000000001b5e4       0x3c shell/lib.a(ash.o)
 .text.lookupvar
                0x000000000001b620       0x40 shell/lib.a(ash.o)
 .text.bltinlookup
                0x000000000001b660       0x54 shell/lib.a(ash.o)
 .text.setprompt
                0x000000000001b6b4       0x8c shell/lib.a(ash.o)
 .text.set_curjob
                0x000000000001b740       0x48 shell/lib.a(ash.o)
 .text.getstatus
                0x000000000001b788       0x84 shell/lib.a(ash.o)
 .text.need_to_remember
                0x000000000001b80c       0x40 shell/lib.a(ash.o)
 .text.is_hidden_fd
                0x000000000001b84c       0x80 shell/lib.a(ash.o)
 .text.esclen   0x000000000001b8cc       0x2c shell/lib.a(ash.o)
 .text.falsecmd
                0x000000000001b8f8        0x8 shell/lib.a(ash.o)
 .text.truecmd  0x000000000001b900        0x8 shell/lib.a(ash.o)
 .text.isassignment
                0x000000000001b908       0x30 shell/lib.a(ash.o)
 .text.bltincmd
                0x000000000001b938       0x14 shell/lib.a(ash.o)
 .text.goodname
                0x000000000001b94c       0x18 shell/lib.a(ash.o)
 .text.pungetc  0x000000000001b964       0x28 shell/lib.a(ash.o)
 .text.raise_exception
                0x000000000001b98c       0x3c shell/lib.a(ash.o)
 .text.calcsize
                0x000000000001b9c8      0x144 shell/lib.a(ash.o)
 .text.sizenodelist
                0x000000000001bb0c       0x3c shell/lib.a(ash.o)
 .text.SIT      0x000000000001bb48       0xa4 shell/lib.a(ash.o)
 .text.pushfile
                0x000000000001bbec       0x30 shell/lib.a(ash.o)
 .text.freealias
                0x000000000001bc1c       0x44 shell/lib.a(ash.o)
 .text.freefunc
                0x000000000001bc60       0x20 shell/lib.a(ash.o)
 .text.freeparam
                0x000000000001bc80       0x38 shell/lib.a(ash.o)
 .text.setparam
                0x000000000001bcb8       0x8c shell/lib.a(ash.o)
 .text.scanright
                0x000000000001bd44       0xa0 shell/lib.a(ash.o)
 .text.scanleft
                0x000000000001bde4       0x78 shell/lib.a(ash.o)
 .text.__lookupalias
                0x000000000001be5c       0x74 shell/lib.a(ash.o)
 .text.lookupalias
                0x000000000001bed0       0x2c shell/lib.a(ash.o)
 .text.msort    0x000000000001befc       0xbc shell/lib.a(ash.o)
 .text.pstrcmp  0x000000000001bfb8        0xc shell/lib.a(ash.o)
 .text.ignoresig
                0x000000000001bfc4       0x50 shell/lib.a(ash.o)
 .text.setsignal
                0x000000000001c014      0x180 shell/lib.a(ash.o)
 .text.nodeckstrdup
                0x000000000001c194       0x40 shell/lib.a(ash.o)
 .text.copynode
                0x000000000001c1d4      0x164 shell/lib.a(ash.o)
 .text.copynodelist
                0x000000000001c338       0x54 shell/lib.a(ash.o)
 .text.cmdlookup
                0x000000000001c38c       0xd8 shell/lib.a(ash.o)
 .text.errmsg   0x000000000001c464       0x18 shell/lib.a(ash.o)
 .text.tokname  0x000000000001c47c       0x50 shell/lib.a(ash.o)
 .text.findkwd  0x000000000001c4cc       0x34 shell/lib.a(ash.o)
 .text.find_builtin
                0x000000000001c500       0x30 shell/lib.a(ash.o)
 .text.ulimitcmd
                0x000000000001c530        0x8 shell/lib.a(ash.o)
 .text.tryexec  0x000000000001c538       0xc8 shell/lib.a(ash.o)
 .text.raise_interrupt
                0x000000000001c600       0x84 shell/lib.a(ash.o)
 .text.int_on   0x000000000001c684       0x44 shell/lib.a(ash.o)
 .text.recordregion
                0x000000000001c6c8       0x90 shell/lib.a(ash.o)
 .text.fmtstr   0x000000000001c758       0x5c shell/lib.a(ash.o)
 .text.removerecordregions
                0x000000000001c7b4      0x15c shell/lib.a(ash.o)
 .text.freejob  0x000000000001c910       0x90 shell/lib.a(ash.o)
 .text.makejob  0x000000000001c9a0      0x198 shell/lib.a(ash.o)
 .text.unalias  0x000000000001cb38       0x60 shell/lib.a(ash.o)
 .text.popstring
                0x000000000001cb98       0xec shell/lib.a(ash.o)
 .text.popfile  0x000000000001cc84       0x88 shell/lib.a(ash.o)
 .text.popallfiles
                0x000000000001cd0c       0x34 shell/lib.a(ash.o)
 .text.outstr   0x000000000001cd40       0x38 shell/lib.a(ash.o)
 .text.out1str  0x000000000001cd78       0x20 shell/lib.a(ash.o)
 .text.flush_stdout_stderr
                0x000000000001cd98       0x38 shell/lib.a(ash.o)
 .text.out2str  0x000000000001cdd0       0x2c shell/lib.a(ash.o)
 .text.stoppedjobs
                0x000000000001cdfc       0x78 shell/lib.a(ash.o)
 .text.pgetc    0x000000000001ce74      0x2a8 shell/lib.a(ash.o)
 .text.pgetc_without_PEOA
                0x000000000001d11c       0x18 shell/lib.a(ash.o)
 .text.popstackmark
                0x000000000001d134       0x94 shell/lib.a(ash.o)
 .text.setinputstring
                0x000000000001d1c8       0x68 shell/lib.a(ash.o)
 .text.pushstring
                0x000000000001d230       0xb8 shell/lib.a(ash.o)
 .text.delete_cmd_entry
                0x000000000001d2e8       0x68 shell/lib.a(ash.o)
 .text.out1fmt  0x000000000001d350       0x58 shell/lib.a(ash.o)
 .text.timescmd
                0x000000000001d3a8       0xb8 shell/lib.a(ash.o)
 .text.optschanged
                0x000000000001d460       0xbc shell/lib.a(ash.o)
 .text.helpcmd  0x000000000001d51c       0x98 shell/lib.a(ash.o)
 .text.clearcmdentry
                0x000000000001d5b4       0xac shell/lib.a(ash.o)
 .text.changepath
                0x000000000001d660      0x13c shell/lib.a(ash.o)
 .text.signal_handler
                0x000000000001d79c       0x60 shell/lib.a(ash.o)
 .text.force_int_on
                0x000000000001d7fc       0x38 shell/lib.a(ash.o)
 .text.evalbltin
                0x000000000001d834      0x138 shell/lib.a(ash.o)
 .text.outcslow.constprop.1
                0x000000000001d96c       0x84 shell/lib.a(ash.o)
 .text.ash_vmsg
                0x000000000001d9f0       0xe8 shell/lib.a(ash.o)
 .text.ash_vmsg_and_raise
                0x000000000001dad8       0x20 shell/lib.a(ash.o)
 .text.ash_msg_and_raise_error
                0x000000000001daf8       0x1c shell/lib.a(ash.o)
 .text.varunset
                0x000000000001db14       0xa0 shell/lib.a(ash.o)
 .text.setvareq
                0x000000000001dbb4      0x11c shell/lib.a(ash.o)
 .text.listsetvar
                0x000000000001dcd0       0x58 shell/lib.a(ash.o)
 .text.setvar   0x000000000001dd28       0xfc shell/lib.a(ash.o)
 .text.setvar2  0x000000000001de24        0x8 shell/lib.a(ash.o)
 .text.unsetvar
                0x000000000001de2c       0xc4 shell/lib.a(ash.o)
 .text.setpwd   0x000000000001def0      0x104 shell/lib.a(ash.o)
 .text.localcmd
                0x000000000001dff4      0x13c shell/lib.a(ash.o)
 .text.number   0x000000000001e130       0x34 shell/lib.a(ash.o)
 .text.returncmd
                0x000000000001e164       0x4c shell/lib.a(ash.o)
 .text.exitcmd  0x000000000001e1b0       0x44 shell/lib.a(ash.o)
 .text.shiftcmd
                0x000000000001e1f4       0xc8 shell/lib.a(ash.o)
 .text.forkchild
                0x000000000001e2bc      0x23c shell/lib.a(ash.o)
 .text.copyfd   0x000000000001e4f8       0x60 shell/lib.a(ash.o)
 .text.popredir
                0x000000000001e558       0xf8 shell/lib.a(ash.o)
 .text.clearredir
                0x000000000001e650       0x48 shell/lib.a(ash.o)
 .text.raise_error_syntax
                0x000000000001e698       0x18 shell/lib.a(ash.o)
 .text.raise_error_unexpected_syntax
                0x000000000001e6b0       0x74 shell/lib.a(ash.o)
 .text.ash_arith
                0x000000000001e724       0xe0 shell/lib.a(ash.o)
 .text.stalloc  0x000000000001e804       0xc0 shell/lib.a(ash.o)
 .text.ststrdup
                0x000000000001e8c4       0x28 shell/lib.a(ash.o)
 .text.stzalloc
                0x000000000001e8ec       0x1c shell/lib.a(ash.o)
 .text.addfname
                0x000000000001e908       0x3c shell/lib.a(ash.o)
 .text.expmeta  0x000000000001e944      0x2a8 shell/lib.a(ash.o)
 .text.makename
                0x000000000001ebec       0x38 shell/lib.a(ash.o)
 .text.fixredir
                0x000000000001ec24       0x88 shell/lib.a(ash.o)
 .text.growstackblock
                0x000000000001ecac      0x114 shell/lib.a(ash.o)
 .text.makestrspace
                0x000000000001edc0       0x50 shell/lib.a(ash.o)
 .text.memtodest
                0x000000000001ee10       0x88 shell/lib.a(ash.o)
 .text.stack_nputstr
                0x000000000001ee98       0x2c shell/lib.a(ash.o)
 .text.stack_putstr
                0x000000000001eec4       0x24 shell/lib.a(ash.o)
 .text.cvtnum   0x000000000001eee8       0x4c shell/lib.a(ash.o)
 .text.single_quote
                0x000000000001ef34       0xe4 shell/lib.a(ash.o)
 .text.printalias
                0x000000000001f018       0x2c shell/lib.a(ash.o)
 .text.aliascmd
                0x000000000001f044      0x1a0 shell/lib.a(ash.o)
 .text.rmescapes
                0x000000000001f1e4      0x178 shell/lib.a(ash.o)
 .text.preglob  0x000000000001f35c       0x14 shell/lib.a(ash.o)
 .text.growstackstr
                0x000000000001f370       0x68 shell/lib.a(ash.o)
 .text._STPUTC  0x000000000001f3d8       0x40 shell/lib.a(ash.o)
 .text.varvalue
                0x000000000001f418      0x3cc shell/lib.a(ash.o)
 .text.listvars
                0x000000000001f7e4       0xbc shell/lib.a(ash.o)
 .text.showvars
                0x000000000001f8a0       0xf0 shell/lib.a(ash.o)
 .text.path_advance
                0x000000000001f990      0x12c shell/lib.a(ash.o)
 .text.readtoken1
                0x000000000001fabc     0x11e8 shell/lib.a(ash.o)
 .text.parseheredoc
                0x0000000000020ca4       0xb0 shell/lib.a(ash.o)
 .text.xxreadtoken
                0x0000000000020d54      0x214 shell/lib.a(ash.o)
 .text.readtoken
                0x0000000000020f68      0x118 shell/lib.a(ash.o)
 .text.parsefname
                0x0000000000021080      0x160 shell/lib.a(ash.o)
 .text.peektoken
                0x00000000000211e0       0x34 shell/lib.a(ash.o)
 .text.parse_command
                0x0000000000021214      0x868 shell/lib.a(ash.o)
 .text.pipeline
                0x0000000000021a7c      0x108 shell/lib.a(ash.o)
 .text.list     0x0000000000021b84      0x1dc shell/lib.a(ash.o)
 .text.parsecmd
                0x0000000000021d60       0x80 shell/lib.a(ash.o)
 .text.nextopt  0x0000000000021de0      0x138 shell/lib.a(ash.o)
 .text.cdopt    0x0000000000021f18       0x40 shell/lib.a(ash.o)
 .text.pwdcmd   0x0000000000021f58       0x6c shell/lib.a(ash.o)
 .text.unsetcmd
                0x0000000000021fc4       0x94 shell/lib.a(ash.o)
 .text.unaliascmd
                0x0000000000022058      0x138 shell/lib.a(ash.o)
 .text.exportcmd
                0x0000000000022190       0xc4 shell/lib.a(ash.o)
 .text.readcmd  0x0000000000022254      0x124 shell/lib.a(ash.o)
 .text.letcmd   0x0000000000022378       0x44 shell/lib.a(ash.o)
 .text.breakcmd
                0x00000000000223bc       0x9c shell/lib.a(ash.o)
 .text.umaskcmd
                0x0000000000022458      0x1ec shell/lib.a(ash.o)
 .text.setinputfile
                0x0000000000022644      0x114 shell/lib.a(ash.o)
 .text.cdcmd    0x0000000000022758      0x408 shell/lib.a(ash.o)
 .text.ash_msg_and_raise
                0x0000000000022b60       0x18 shell/lib.a(ash.o)
 .text.shellexec
                0x0000000000022b78      0x138 shell/lib.a(ash.o)
 .text.execcmd  0x0000000000022cb0       0x64 shell/lib.a(ash.o)
 .text.ash_msg  0x0000000000022d14       0x24 shell/lib.a(ash.o)
 .text.options  0x0000000000022d38      0x390 shell/lib.a(ash.o)
 .text.setcmd   0x00000000000230c8       0x90 shell/lib.a(ash.o)
 .text.trapcmd  0x0000000000023158      0x170 shell/lib.a(ash.o)
 .text.dowait   0x00000000000232c8      0x1ac shell/lib.a(ash.o)
 .text.forkshell
                0x0000000000023474      0x114 shell/lib.a(ash.o)
 .text.blocking_wait_with_raise_on_sig
                0x0000000000023588       0x48 shell/lib.a(ash.o)
 .text.waitcmd  0x00000000000235d0      0x2c0 shell/lib.a(ash.o)
 .text.waitforjob
                0x0000000000023890       0x68 shell/lib.a(ash.o)
 .text.expandarg
                0x00000000000238f8      0x564 shell/lib.a(ash.o)
 .text.expredir
                0x0000000000023e5c       0xfc shell/lib.a(ash.o)
 .text.redirect
                0x0000000000023f58      0x600 shell/lib.a(ash.o)
 .text.redirectsafe
                0x0000000000024558       0xd8 shell/lib.a(ash.o)
 .text.evaltree
                0x0000000000024630      0x518 shell/lib.a(ash.o)
 .text.argstr   0x0000000000024b48      0x6f8 shell/lib.a(ash.o)
 .text.subevalvar
                0x0000000000025240      0x6d0 shell/lib.a(ash.o)
 .text.evalvar  0x0000000000025910      0x330 shell/lib.a(ash.o)
 .text.evalstring
                0x0000000000025c40       0x74 shell/lib.a(ash.o)
 .text.evalcmd  0x0000000000025cb4       0xa0 shell/lib.a(ash.o)
 .text.exitshell
                0x0000000000025d54       0xa4 shell/lib.a(ash.o)
 .text.cmdloop  0x0000000000025df8       0xfc shell/lib.a(ash.o)
 .text.find_command
                0x0000000000025ef4      0x464 shell/lib.a(ash.o)
 .text.typecmd  0x0000000000026358      0x294 shell/lib.a(ash.o)
 .text.hashcmd  0x00000000000265ec      0x1dc shell/lib.a(ash.o)
 .text.evalpipe
                0x00000000000267c8      0x1d8 shell/lib.a(ash.o)
 .text.dotcmd   0x00000000000269a0      0x184 shell/lib.a(ash.o)
 .text.read_profile
                0x0000000000026b24       0x30 shell/lib.a(ash.o)
 .text.evalloop
                0x0000000000026b54      0x14c shell/lib.a(ash.o)
 .text.evalfun  0x0000000000026ca0      0x27c shell/lib.a(ash.o)
 .text.evalsubshell
                0x0000000000026f1c       0xe0 shell/lib.a(ash.o)
 .text.evalcase
                0x0000000000026ffc      0x194 shell/lib.a(ash.o)
 .text.evalfor  0x0000000000027190      0x16c shell/lib.a(ash.o)
 .text.evalcommand
                0x00000000000272fc      0x564 shell/lib.a(ash.o)
 .text.ash_main
                0x0000000000027860      0x69c shell/lib.a(ash.o)
                0x0000000000027860                ash_main
 .text.arith    0x0000000000027efc      0x368 shell/lib.a(math.o)
                0x0000000000027efc                arith
 .text.arith_lookup_val
                0x0000000000028264       0xac shell/lib.a(math.o)
 .text.arith_apply
                0x0000000000028310      0x3a4 shell/lib.a(math.o)
 .text.printlim.isra.0
                0x00000000000286b4       0x6c shell/lib.a(shell_common.o)
 .text.is_well_formed_var_name
                0x0000000000028720       0x78 shell/lib.a(shell_common.o)
                0x0000000000028720                is_well_formed_var_name
 .text.shell_builtin_read
                0x0000000000028798      0x540 shell/lib.a(shell_common.o)
                0x0000000000028798                shell_builtin_read
 .text.shell_builtin_ulimit
                0x0000000000028cd8      0x254 shell/lib.a(shell_common.o)
                0x0000000000028cd8                shell_builtin_ulimit
 .text.klogd_signal
                0x0000000000028f2c       0x44 sysklogd/lib.a(klogd.o)
 .text.klogd_main
                0x0000000000028f70      0x284 sysklogd/lib.a(klogd.o)
                0x0000000000028f70                klogd_main
 .text.error_exit
                0x00000000000291f4       0x3c sysklogd/lib.a(logread.o)
 .text.sem_up   0x0000000000029230       0x30 sysklogd/lib.a(logread.o)
 .text.interrupted
                0x0000000000029260       0x44 sysklogd/lib.a(logread.o)
 .text.logread_main
                0x00000000000292a4      0x258 sysklogd/lib.a(logread.o)
                0x00000000000292a4                logread_main
 .text.decode   0x00000000000294fc       0x58 sysklogd/lib.a(syslogd_and_logger.o)
 .text.create_socket
                0x0000000000029554       0xac sysklogd/lib.a(syslogd_and_logger.o)
 .text.timestamp_and_log
                0x0000000000029600      0x3f4 sysklogd/lib.a(syslogd_and_logger.o)
 .text.syslogd_main
                0x00000000000299f4      0x6d4 sysklogd/lib.a(syslogd_and_logger.o)
                0x00000000000299f4                syslogd_main
 .text.logger_main
                0x000000000002a0c8      0x240 sysklogd/lib.a(syslogd_and_logger.o)
                0x000000000002a0c8                logger_main
 .text.dmesg_main
                0x000000000002a308      0x11c util-linux/lib.a(dmesg.o)
                0x000000000002a308                dmesg_main
 .text.gotsig   0x000000000002a424       0x48 util-linux/lib.a(more.o)
 .text.more_main
                0x000000000002a46c      0x4f4 util-linux/lib.a(more.o)
                0x000000000002a46c                more_main
 .text.parse_mount_options
                0x000000000002a960      0x124 util-linux/lib.a(mount.o)
 .text.append_mount_options
                0x000000000002aa84       0xfc util-linux/lib.a(mount.o)
 .text.mount_it_now
                0x000000000002ab80       0x9c util-linux/lib.a(mount.o)
 .text.singlemount
                0x000000000002ac1c      0x2b4 util-linux/lib.a(mount.o)
 .text.mount_main
                0x000000000002aed0      0x578 util-linux/lib.a(mount.o)
                0x000000000002aed0                mount_main
 .text.umount_main
                0x000000000002b448      0x338 util-linux/lib.a(umount.o)
                0x000000000002b448                umount_main
 .text.make_new_name_gunzip
                0x000000000002b780       0x88 archival/lib.a(bbunzip.o)
 .text.unpack_gunzip
                0x000000000002b808       0x70 archival/lib.a(bbunzip.o)
 .text.open_to_or_warn
                0x000000000002b878       0x38 archival/lib.a(bbunzip.o)
 .text.bbunpack
                0x000000000002b8b0      0x264 archival/lib.a(bbunzip.o)
                0x000000000002b8b0                bbunpack
 .text.gunzip_main
                0x000000000002bb14       0x8c archival/lib.a(bbunzip.o)
                0x000000000002bb14                gunzip_main
 .text.get_bits
                0x000000000002bba0       0xd8 archival/libunarchive/lib.a(decompress_bunzip2.o)
 .text.get_next_block
                0x000000000002bc78      0x824 archival/libunarchive/lib.a(decompress_bunzip2.o)
 .text.read_bunzip
                0x000000000002c49c      0x15c archival/libunarchive/lib.a(decompress_bunzip2.o)
                0x000000000002c49c                read_bunzip
 .text.start_bunzip
                0x000000000002c5f8       0xe0 archival/libunarchive/lib.a(decompress_bunzip2.o)
                0x000000000002c5f8                start_bunzip
 .text.dealloc_bunzip
                0x000000000002c6d8       0x1c archival/libunarchive/lib.a(decompress_bunzip2.o)
                0x000000000002c6d8                dealloc_bunzip
 .text.inflate_codes_setup
                0x000000000002c6f4       0x48 archival/libunarchive/lib.a(decompress_unzip.o)
 .text.calculate_gunzip_crc
                0x000000000002c73c       0x54 archival/libunarchive/lib.a(decompress_unzip.o)
 .text.huft_free
                0x000000000002c790       0x24 archival/libunarchive/lib.a(decompress_unzip.o)
 .text.huft_free_all
                0x000000000002c7b4       0x28 archival/libunarchive/lib.a(decompress_unzip.o)
 .text.buffer_read_le_u32
                0x000000000002c7dc       0x30 archival/libunarchive/lib.a(decompress_unzip.o)
 .text.huft_build
                0x000000000002c80c      0x544 archival/libunarchive/lib.a(decompress_unzip.o)
 .text.abort_unzip
                0x000000000002cd50       0x18 archival/libunarchive/lib.a(decompress_unzip.o)
 .text.fill_bitbuffer
                0x000000000002cd68       0xf0 archival/libunarchive/lib.a(decompress_unzip.o)
 .text.inflate_block
                0x000000000002ce58      0x654 archival/libunarchive/lib.a(decompress_unzip.o)
 .text.inflate_codes
                0x000000000002d4ac      0x370 archival/libunarchive/lib.a(decompress_unzip.o)
 .text.inflate_unzip_internal
                0x000000000002d81c      0x2ac archival/libunarchive/lib.a(decompress_unzip.o)
 .text.top_up   0x000000000002dac8       0x90 archival/libunarchive/lib.a(decompress_unzip.o)
 .text.unpack_gz_stream_with_info
                0x000000000002db58      0x294 archival/libunarchive/lib.a(decompress_unzip.o)
                0x000000000002db58                unpack_gz_stream_with_info
 .text.bb_cat   0x000000000002ddec       0x74 coreutils/lib.a(cat.o)
                0x000000000002ddec                bb_cat
 .text.cat_main
                0x000000000002de60       0x44 coreutils/lib.a(cat.o)
                0x000000000002de60                cat_main
 .text.fileAction
                0x000000000002dea4       0x94 coreutils/lib.a(chmod.o)
 .text.chmod_main
                0x000000000002df38      0x124 coreutils/lib.a(chmod.o)
                0x000000000002df38                chmod_main
 .text.cp_main  0x000000000002e05c      0x15c coreutils/lib.a(cp.o)
                0x000000000002e05c                cp_main
 .text.maybe_set_utc
                0x000000000002e1b8       0x18 coreutils/lib.a(date.o)
 .text.date_main
                0x000000000002e1d0      0x300 coreutils/lib.a(date.o)
                0x000000000002e1d0                date_main
 .text.full_write_or_warn
                0x000000000002e4d0       0x44 coreutils/lib.a(dd.o)
 .text.write_and_stats
                0x000000000002e514      0x1d8 coreutils/lib.a(dd.o)
 .text.dd_output_status
                0x000000000002e6ec      0x290 coreutils/lib.a(dd.o)
 .text.dd_main  0x000000000002e97c      0x864 coreutils/lib.a(dd.o)
                0x000000000002e97c                dd_main
 .text.kscale   0x000000000002f1e0       0x18 coreutils/lib.a(df.o)
 .text.df_main  0x000000000002f1f8      0x2b8 coreutils/lib.a(df.o)
                0x000000000002f1f8                df_main
 .text.echo_main
                0x000000000002f4b0       0xc0 coreutils/lib.a(echo.o)
                0x000000000002f4b0                echo_main
 .text.null     0x000000000002f570       0x44 coreutils/lib.a(expr.o)
 .text.tostring
                0x000000000002f5b4       0x38 coreutils/lib.a(expr.o)
 .text.int_value
                0x000000000002f5ec       0x18 coreutils/lib.a(expr.o)
 .text.str_value
                0x000000000002f604       0x30 coreutils/lib.a(expr.o)
 .text.docolon  0x000000000002f634      0x110 coreutils/lib.a(expr.o)
 .text.toarith  0x000000000002f744       0x60 coreutils/lib.a(expr.o)
 .text.arithmetic_common
                0x000000000002f7a4       0x9c coreutils/lib.a(expr.o)
 .text.freev    0x000000000002f840       0x28 coreutils/lib.a(expr.o)
 .text.nextarg  0x000000000002f868       0x5c coreutils/lib.a(expr.o)
 .text.eval     0x000000000002f8c4       0xac coreutils/lib.a(expr.o)
 .text.eval6    0x000000000002f970      0x38c coreutils/lib.a(expr.o)
 .text.eval5    0x000000000002fcfc       0xa8 coreutils/lib.a(expr.o)
 .text.eval4    0x000000000002fda4       0xe8 coreutils/lib.a(expr.o)
 .text.eval3    0x000000000002fe8c       0xd0 coreutils/lib.a(expr.o)
 .text.eval2    0x000000000002ff5c      0x208 coreutils/lib.a(expr.o)
 .text.eval1    0x0000000000030164       0xcc coreutils/lib.a(expr.o)
 .text.expr_main
                0x0000000000030230       0xd4 coreutils/lib.a(expr.o)
                0x0000000000030230                expr_main
 .text.false_main
                0x0000000000030304        0x8 coreutils/lib.a(false.o)
                0x0000000000030304                false_main
 .text.ln_main  0x000000000003030c      0x250 coreutils/lib.a(ln.o)
                0x000000000003030c                ln_main
 .text.append_char
                0x000000000003055c       0x7c coreutils/lib.a(ls.o)
 .text.count_dirs
                0x00000000000305d8       0x84 coreutils/lib.a(ls.o)
 .text.my_stat  0x000000000003065c       0xc8 coreutils/lib.a(ls.o)
 .text.dnalloc  0x0000000000030724       0x14 coreutils/lib.a(ls.o)
 .text.splitdnarray
                0x0000000000030738       0xa4 coreutils/lib.a(ls.o)
 .text.print_name
                0x00000000000307dc      0x194 coreutils/lib.a(ls.o)
 .text.list_single
                0x0000000000030970      0x4a4 coreutils/lib.a(ls.o)
 .text.showfiles
                0x0000000000030e14      0x274 coreutils/lib.a(ls.o)
 .text.dnsort   0x0000000000031088       0x14 coreutils/lib.a(ls.o)
 .text.sortcmp  0x000000000003109c      0x100 coreutils/lib.a(ls.o)
 .text.showdirs
                0x000000000003119c      0x26c coreutils/lib.a(ls.o)
 .text.ls_main  0x0000000000031408      0x504 coreutils/lib.a(ls.o)
                0x0000000000031408                ls_main
 .text.mkdir_main
                0x000000000003190c       0xd0 coreutils/lib.a(mkdir.o)
                0x000000000003190c                mkdir_main
 .text.mknod_main
                0x00000000000319dc      0x104 coreutils/lib.a(mknod.o)
                0x00000000000319dc                mknod_main
 .text.pwd_main
                0x0000000000031ae0       0x30 coreutils/lib.a(pwd.o)
                0x0000000000031ae0                pwd_main
 .text.rm_main  0x0000000000031b10      0x10c coreutils/lib.a(rm.o)
                0x0000000000031b10                rm_main
 .text.sleep_main
                0x0000000000031c1c       0x5c coreutils/lib.a(sleep.o)
                0x0000000000031c1c                sleep_main
 .text.mode_type_flag
                0x0000000000031c78       0x28 coreutils/lib.a(stty.o)
 .text.set_mode
                0x0000000000031ca0      0x448 coreutils/lib.a(stty.o)
 .text.find_mode
                0x00000000000320e8       0x3c coreutils/lib.a(stty.o)
 .text.find_control
                0x0000000000032124       0x3c coreutils/lib.a(stty.o)
 .text.find_param
                0x0000000000032160       0x34 coreutils/lib.a(stty.o)
 .text.set_control_char_or_die
                0x0000000000032194       0xf8 coreutils/lib.a(stty.o)
 .text.perror_on_device
                0x000000000003228c       0x2c coreutils/lib.a(stty.o)
 .text.wrapf    0x00000000000322b8      0x17c coreutils/lib.a(stty.o)
 .text.display_window_size
                0x0000000000032434       0x94 coreutils/lib.a(stty.o)
 .text.newline  0x00000000000324c8       0x3c coreutils/lib.a(stty.o)
 .text.set_window_size
                0x0000000000032504       0x8c coreutils/lib.a(stty.o)
 .text.display_speed
                0x0000000000032590       0x94 coreutils/lib.a(stty.o)
 .text.recover_mode
                0x0000000000032624       0xd8 coreutils/lib.a(stty.o)
 .text.set_speed_or_die
                0x00000000000326fc       0x48 coreutils/lib.a(stty.o)
 .text.perror_on_device_and_die
                0x0000000000032744       0x30 coreutils/lib.a(stty.o)
 .text.display_recoverable
                0x0000000000032774       0x60 coreutils/lib.a(stty.o)
 .text.do_display
                0x00000000000327d4      0x26c coreutils/lib.a(stty.o)
 .text.stty_main
                0x0000000000032a40      0x610 coreutils/lib.a(stty.o)
                0x0000000000032a40                stty_main
 .text.sync_main
                0x0000000000033050       0x10 coreutils/lib.a(sync.o)
                0x0000000000033050                sync_main
 .text.check_operator
                0x0000000000033060       0x78 coreutils/lib.a(test.o)
 .text.syntax   0x00000000000330d8       0x70 coreutils/lib.a(test.o)
 .text.getn     0x0000000000033148       0x80 coreutils/lib.a(test.o)
 .text.binop    0x00000000000331c8      0x208 coreutils/lib.a(test.o)
 .text.nexpr    0x00000000000333d0      0x3f0 coreutils/lib.a(test.o)
 .text.aexpr    0x00000000000337c0       0x80 coreutils/lib.a(test.o)
 .text.oexpr    0x0000000000033840       0x80 coreutils/lib.a(test.o)
 .text.test_main
                0x00000000000338c0      0x160 coreutils/lib.a(test.o)
                0x00000000000338c0                test_main
 .text.true_main
                0x0000000000033a20        0x8 coreutils/lib.a(true.o)
                0x0000000000033a20                true_main
 .text.tty_main
                0x0000000000033a28       0x44 coreutils/lib.a(tty.o)
                0x0000000000033a28                tty_main
 .text.cp_mv_stat2
                0x0000000000033a6c       0x6c coreutils/libcoreutils/lib.a(cp_mv_stat.o)
                0x0000000000033a6c                cp_mv_stat2
 .text.cp_mv_stat
                0x0000000000033ad8       0x1c coreutils/libcoreutils/lib.a(cp_mv_stat.o)
                0x0000000000033ad8                cp_mv_stat
 .text.getopt_mk_fifo_nod
                0x0000000000033af4       0x54 coreutils/libcoreutils/lib.a(getopt_mk_fifo_nod.o)
                0x0000000000033af4                getopt_mk_fifo_nod
 .text.add_grep_list_data
                0x0000000000033b48       0x18 findutils/lib.a(grep.o)
 .text.print_line.constprop.0
                0x0000000000033b60       0xc0 findutils/lib.a(grep.o)
 .text.grep_file
                0x0000000000033c20      0x488 findutils/lib.a(grep.o)
 .text.file_action_grep
                0x00000000000340a8       0xa4 findutils/lib.a(grep.o)
 .text.grep_main
                0x000000000003414c      0x518 findutils/lib.a(grep.o)
                0x000000000003414c                grep_main
 .text.halt_main
                0x0000000000034664      0x118 init/lib.a(halt.o)
                0x0000000000034664                halt_main
 .text.mark_terminated
                0x000000000003477c       0x48 init/lib.a(init.o)
 .text.set_sane_term
                0x00000000000347c4       0x94 init/lib.a(init.o)
 .text.new_init_action
                0x0000000000034858       0xc0 init/lib.a(init.o)
 .text.reset_sighandlers_and_unblock_sigs
                0x0000000000034918       0x20 init/lib.a(init.o)
 .text.pause_and_low_level_reboot
                0x0000000000034938       0x3c init/lib.a(init.o)
 .text.message  0x0000000000034974      0x124 init/lib.a(init.o)
 .text.parse_inittab
                0x0000000000034a98      0x1ec init/lib.a(init.o)
 .text.open_stdio_to_tty
                0x0000000000034c84       0x88 init/lib.a(init.o)
 .text.init_exec
                0x0000000000034d0c      0x154 init/lib.a(init.o)
 .text.run      0x0000000000034e60      0x150 init/lib.a(init.o)
 .text.run_actions
                0x0000000000034fb0       0xa0 init/lib.a(init.o)
 .text.check_delayed_sigs
                0x0000000000035050       0xc8 init/lib.a(init.o)
 .text.stop_handler
                0x0000000000035118       0x70 init/lib.a(init.o)
 .text.run_shutdown_and_kill_processes
                0x0000000000035188       0x88 init/lib.a(init.o)
 .text.restart_handler
                0x0000000000035210       0x68 init/lib.a(init.o)
 .text.halt_reboot_pwoff
                0x0000000000035278       0x80 init/lib.a(init.o)
 .text.init_main
                0x00000000000352f8      0x42c init/lib.a(init.o)
                0x00000000000352f8                init_main
 .text.uid2uname
                0x0000000000035724       0x14 libbb/lib.a(bb_pwd.o)
                0x0000000000035724                uid2uname
 .text.gid2group
                0x0000000000035738       0x14 libbb/lib.a(bb_pwd.o)
                0x0000000000035738                gid2group
 .text.uid2uname_utoa
                0x000000000003574c       0x20 libbb/lib.a(bb_pwd.o)
                0x000000000003574c                uid2uname_utoa
 .text.gid2group_utoa
                0x000000000003576c       0x20 libbb/lib.a(bb_pwd.o)
                0x000000000003576c                gid2group_utoa
 .text.index_in_strings
                0x000000000003578c       0x54 libbb/lib.a(compare_string_array.o)
                0x000000000003578c                index_in_strings
 .text.index_in_substrings
                0x00000000000357e0       0x8c libbb/lib.a(compare_string_array.o)
                0x00000000000357e0                index_in_substrings
 .text.nth_string
                0x000000000003586c       0x34 libbb/lib.a(compare_string_array.o)
                0x000000000003586c                nth_string
 .text.concat_path_file
                0x00000000000358a0       0x6c libbb/lib.a(concat_path_file.o)
                0x00000000000358a0                concat_path_file
 .text.ask_and_unlink
                0x000000000003590c       0xb4 libbb/lib.a(copy_file.o)
 .text.copy_file
                0x00000000000359c0      0x650 libbb/lib.a(copy_file.o)
                0x00000000000359c0                copy_file
 .text.crc32_filltable
                0x0000000000036010       0x8c libbb/lib.a(crc32.o)
                0x0000000000036010                crc32_filltable
 .text.create_icmp6_socket
                0x000000000003609c       0x64 libbb/lib.a(create_icmp6_socket.o)
                0x000000000003609c                create_icmp6_socket
 .text.create_icmp_socket
                0x0000000000036100       0x64 libbb/lib.a(create_icmp_socket.o)
                0x0000000000036100                create_icmp_socket
 .text.device_open
                0x0000000000036164       0x58 libbb/lib.a(device_open.o)
                0x0000000000036164                device_open
 .text.BB_EXECVP_or_die
                0x00000000000361bc       0x54 libbb/lib.a(execable.o)
                0x00000000000361bc                BB_EXECVP_or_die
 .text.fclose_if_not_stdin
                0x0000000000036210       0x5c libbb/lib.a(fclose_nonstdin.o)
                0x0000000000036210                fclose_if_not_stdin
 .text.fflush_stdout_and_exit
                0x000000000003626c       0x48 libbb/lib.a(fflush_stdout_and_exit.o)
                0x000000000003626c                fflush_stdout_and_exit
 .text.find_mount_point
                0x00000000000362b4      0x144 libbb/lib.a(find_mount_point.o)
                0x00000000000362b4                find_mount_point
 .text.find_pid_by_name
                0x00000000000363f8      0x104 libbb/lib.a(find_pid_by_name.o)
                0x00000000000363f8                find_pid_by_name
 .text.bb_get_chunk_with_continuation
                0x00000000000364fc      0x120 libbb/lib.a(get_line_from_file.o)
                0x00000000000364fc                bb_get_chunk_with_continuation
 .text.bb_get_chunk_from_file
                0x000000000003661c        0x8 libbb/lib.a(get_line_from_file.o)
                0x000000000003661c                bb_get_chunk_from_file
 .text.xmalloc_fgetline
                0x0000000000036624       0x34 libbb/lib.a(get_line_from_file.o)
                0x0000000000036624                xmalloc_fgetline
 .text.getopt32
                0x0000000000036658      0x548 libbb/lib.a(getopt32.o)
                0x0000000000036658                getopt32
 .text.make_human_readable_str
                0x0000000000036ba0      0x1b0 libbb/lib.a(human_readable.o)
                0x0000000000036ba0                make_human_readable_str
 .text.smart_ulltoa5
                0x0000000000036d50      0x23c libbb/lib.a(human_readable.o)
                0x0000000000036d50                smart_ulltoa5
 .text.INET_resolve
                0x0000000000036f8c       0xc4 libbb/lib.a(inet_common.o)
                0x0000000000036f8c                INET_resolve
 .text.INET_rresolve
                0x0000000000037050      0x160 libbb/lib.a(inet_common.o)
                0x0000000000037050                INET_rresolve
 .text.INET6_resolve
                0x00000000000371b0       0x8c libbb/lib.a(inet_common.o)
                0x00000000000371b0                INET6_resolve
 .text.INET6_rresolve
                0x000000000003723c       0xf8 libbb/lib.a(inet_common.o)
                0x000000000003723c                INET6_rresolve
 .text.bb_info_msg
                0x0000000000037334       0xa8 libbb/lib.a(info_msg.o)
                0x0000000000037334                bb_info_msg
 .text.is_in_ino_dev_hashtable
                0x00000000000373dc       0x84 libbb/lib.a(inode_hash.o)
                0x00000000000373dc                is_in_ino_dev_hashtable
 .text.add_to_ino_dev_hashtable
                0x0000000000037460       0xa0 libbb/lib.a(inode_hash.o)
                0x0000000000037460                add_to_ino_dev_hashtable
 .text.is_directory
                0x0000000000037500       0x50 libbb/lib.a(isdirectory.o)
                0x0000000000037500                is_directory
 .text.collapse_pos
                0x0000000000037550       0x78 libbb/lib.a(lineedit.o)
 .text.find_match
                0x00000000000375c8      0x510 libbb/lib.a(lineedit.o)
 .text.put_prompt
                0x0000000000037ad8       0x70 libbb/lib.a(lineedit.o)
 .text.parse_and_put_prompt
                0x0000000000037b48       0x34 libbb/lib.a(lineedit.o)
 .text.free_tab_completion_data
                0x0000000000037b7c       0x60 libbb/lib.a(lineedit.o)
 .text.deinit_S
                0x0000000000037bdc       0x20 libbb/lib.a(lineedit.o)
 .text.save_command_ps_at_cur_history
                0x0000000000037bfc       0x58 libbb/lib.a(lineedit.o)
 .text.add_quote_for_spec_chars
                0x0000000000037c54       0x68 libbb/lib.a(lineedit.o)
 .text.beep     0x0000000000037cbc        0x8 libbb/lib.a(lineedit.o)
 .text.get_previous_history
                0x0000000000037cc4       0x64 libbb/lib.a(lineedit.o)
 .text.get_next_history
                0x0000000000037d28       0x64 libbb/lib.a(lineedit.o)
 .text.put_cur_glyph_and_inc_cursor
                0x0000000000037d8c       0x88 libbb/lib.a(lineedit.o)
 .text.input_forward
                0x0000000000037e14       0x30 libbb/lib.a(lineedit.o)
 .text.put_till_end_and_adv_cursor
                0x0000000000037e44       0x3c libbb/lib.a(lineedit.o)
 .text.goto_new_line
                0x0000000000037e80       0x3c libbb/lib.a(lineedit.o)
 .text.input_backward
                0x0000000000037ebc       0xf0 libbb/lib.a(lineedit.o)
 .text.input_delete
                0x0000000000037fac       0x78 libbb/lib.a(lineedit.o)
 .text.input_backspace
                0x0000000000038024       0x3c libbb/lib.a(lineedit.o)
 .text.redraw   0x0000000000038060       0x4c libbb/lib.a(lineedit.o)
 .text.win_changed
                0x00000000000380ac       0xa4 libbb/lib.a(lineedit.o)
 .text.new_line_input_t
                0x0000000000038150       0x18 libbb/lib.a(lineedit.o)
                0x0000000000038150                new_line_input_t
 .text.read_line_input
                0x0000000000038168      0xebc libbb/lib.a(lineedit.o)
                0x0000000000038168                read_line_input
 .text.llist_add_to
                0x0000000000039024       0x28 libbb/lib.a(llist.o)
                0x0000000000039024                llist_add_to
 .text.llist_add_to_end
                0x000000000003904c       0x34 libbb/lib.a(llist.o)
                0x000000000003904c                llist_add_to_end
 .text.llist_pop
                0x0000000000039080       0x30 libbb/lib.a(llist.o)
                0x0000000000039080                llist_pop
 .text.llist_rev
                0x00000000000390b0       0x28 libbb/lib.a(llist.o)
                0x00000000000390b0                llist_rev
 .text.sanitize_env_if_suid
                0x00000000000390d8       0x64 libbb/lib.a(login.o)
                0x00000000000390d8                sanitize_env_if_suid
 .text.bb_make_directory
                0x000000000003913c      0x1f4 libbb/lib.a(make_directory.o)
                0x000000000003913c                bb_make_directory
 .text.bb_makedev
                0x0000000000039330       0x4c libbb/lib.a(makedev.o)
                0x0000000000039330                bb_makedev
 .text.match_fstype
                0x000000000003937c       0x90 libbb/lib.a(match_fstype.o)
                0x000000000003937c                match_fstype
 .text.bb_mode_string
                0x000000000003940c       0xc4 libbb/lib.a(mode_string.o)
                0x000000000003940c                bb_mode_string
 .text.config_free_data
                0x00000000000394d0       0x1c libbb/lib.a(parse_config.o)
 .text.config_open2
                0x00000000000394ec       0x28 libbb/lib.a(parse_config.o)
                0x00000000000394ec                config_open2
 .text.config_close
                0x0000000000039514       0x24 libbb/lib.a(parse_config.o)
                0x0000000000039514                config_close
 .text.config_read
                0x0000000000039538      0x208 libbb/lib.a(parse_config.o)
                0x0000000000039538                config_read
 .text.bb_parse_mode
                0x0000000000039740      0x2a4 libbb/lib.a(parse_mode.o)
                0x0000000000039740                bb_parse_mode
 .text.bb_perror_nomsg_and_die
                0x00000000000399e4        0x8 libbb/lib.a(perror_nomsg_and_die.o)
                0x00000000000399e4                bb_perror_nomsg_and_die
 .text.printable_string
                0x00000000000399ec       0xcc libbb/lib.a(printable_string.o)
                0x00000000000399ec                printable_string
 .text.bb_process_escape_sequence
                0x0000000000039ab8       0xd4 libbb/lib.a(process_escape_sequence.o)
                0x0000000000039ab8                bb_process_escape_sequence
 .text.fast_strtoul_10
                0x0000000000039b8c       0x40 libbb/lib.a(procps.o)
 .text.fast_strtol_10
                0x0000000000039bcc       0x30 libbb/lib.a(procps.o)
 .text.skip_fields
                0x0000000000039bfc       0x24 libbb/lib.a(procps.o)
 .text.clear_cache
                0x0000000000039c20       0x20 libbb/lib.a(procps.o)
 .text.read_to_buf
                0x0000000000039c40       0x48 libbb/lib.a(procps.o)
 .text.get_cached
                0x0000000000039c88       0x94 libbb/lib.a(procps.o)
 .text.clear_username_cache
                0x0000000000039d1c       0x28 libbb/lib.a(procps.o)
                0x0000000000039d1c                clear_username_cache
 .text.get_cached_username
                0x0000000000039d44       0x20 libbb/lib.a(procps.o)
                0x0000000000039d44                get_cached_username
 .text.get_cached_groupname
                0x0000000000039d64       0x20 libbb/lib.a(procps.o)
                0x0000000000039d64                get_cached_groupname
 .text.free_procps_scan
                0x0000000000039d84       0x2c libbb/lib.a(procps.o)
                0x0000000000039d84                free_procps_scan
 .text.procps_scan
                0x0000000000039db0      0x418 libbb/lib.a(procps.o)
                0x0000000000039db0                procps_scan
 .text.read_cmdline
                0x000000000003a1c8      0x180 libbb/lib.a(procps.o)
                0x000000000003a1c8                read_cmdline
 .text.read_key
                0x000000000003a348      0x264 libbb/lib.a(read_key.o)
                0x000000000003a348                read_key
 .text.nonblock_safe_read
                0x000000000003a5ac       0x64 libbb/lib.a(read_printf.o)
                0x000000000003a5ac                nonblock_safe_read
 .text.xmalloc_read
                0x000000000003a610       0xe0 libbb/lib.a(read_printf.o)
                0x000000000003a610                xmalloc_read
 .text.xmalloc_open_read_close
                0x000000000003a6f0       0x38 libbb/lib.a(read_printf.o)
                0x000000000003a6f0                xmalloc_open_read_close
 .text.xread    0x000000000003a728       0x28 libbb/lib.a(read_printf.o)
                0x000000000003a728                xread
 .text.xread_char
                0x000000000003a750       0x18 libbb/lib.a(read_printf.o)
                0x000000000003a750                xread_char
 .text.open_zipped
                0x000000000003a768        0x8 libbb/lib.a(read_printf.o)
                0x000000000003a768                open_zipped
 .text.xmalloc_open_zipped_read_close
                0x000000000003a770       0x50 libbb/lib.a(read_printf.o)
                0x000000000003a770                xmalloc_open_zipped_read_close
 .text.true_action
                0x000000000003a7c0        0x8 libbb/lib.a(recursive_action.o)
 .text.recursive_action
                0x000000000003a7c8      0x210 libbb/lib.a(recursive_action.o)
                0x000000000003a7c8                recursive_action
 .text.remove_file
                0x000000000003a9d8      0x290 libbb/lib.a(remove_file.o)
                0x000000000003a9d8                remove_file
 .text.safe_gethostname
                0x000000000003ac68       0x38 libbb/lib.a(safe_gethostname.o)
                0x000000000003ac68                safe_gethostname
 .text.safe_poll
                0x000000000003aca0       0x6c libbb/lib.a(safe_poll.o)
                0x000000000003aca0                safe_poll
 .text.safe_strncpy
                0x000000000003ad0c       0x18 libbb/lib.a(safe_strncpy.o)
                0x000000000003ad0c                safe_strncpy
 .text.overlapping_strcpy
                0x000000000003ad24       0x14 libbb/lib.a(safe_strncpy.o)
                0x000000000003ad24                overlapping_strcpy
 .text.record_signo
                0x000000000003ad38       0x14 libbb/lib.a(signals.o)
                0x000000000003ad38                record_signo
 .text.sigaction_set